Archive member included to satisfy reference by file (symbol)

e:/workspace/clion/gcc-arm-none-eabi-10.3-2021.10/bin/../lib/gcc/arm-none-eabi/10.3.1/../../../../arm-none-eabi/lib/thumb/v7-m/nofp\libg.a(lib_a-errno.o)
                              CMakeFiles/freertos_test.elf.dir/Core/Src/retarget.c.obj (__errno)
e:/workspace/clion/gcc-arm-none-eabi-10.3-2021.10/bin/../lib/gcc/arm-none-eabi/10.3.1/../../../../arm-none-eabi/lib/thumb/v7-m/nofp\libg.a(lib_a-exit.o)
                              e:/workspace/clion/gcc-arm-none-eabi-10.3-2021.10/bin/../lib/gcc/arm-none-eabi/10.3.1/../../../../arm-none-eabi/lib/thumb/v7-m/nofp/crt0.o (exit)
e:/workspace/clion/gcc-arm-none-eabi-10.3-2021.10/bin/../lib/gcc/arm-none-eabi/10.3.1/../../../../arm-none-eabi/lib/thumb/v7-m/nofp\libg.a(lib_a-impure.o)
                              e:/workspace/clion/gcc-arm-none-eabi-10.3-2021.10/bin/../lib/gcc/arm-none-eabi/10.3.1/../../../../arm-none-eabi/lib/thumb/v7-m/nofp\libg.a(lib_a-exit.o) (_global_impure_ptr)
e:/workspace/clion/gcc-arm-none-eabi-10.3-2021.10/bin/../lib/gcc/arm-none-eabi/10.3.1/../../../../arm-none-eabi/lib/thumb/v7-m/nofp\libg.a(lib_a-init.o)
                              e:/workspace/clion/gcc-arm-none-eabi-10.3-2021.10/bin/../lib/gcc/arm-none-eabi/10.3.1/../../../../arm-none-eabi/lib/thumb/v7-m/nofp/crt0.o (__libc_init_array)
e:/workspace/clion/gcc-arm-none-eabi-10.3-2021.10/bin/../lib/gcc/arm-none-eabi/10.3.1/../../../../arm-none-eabi/lib/thumb/v7-m/nofp\libg.a(lib_a-memcpy.o)
                              CMakeFiles/freertos_test.elf.dir/Middlewares/Third_Party/FreeRTOS/Source/CMSIS_RTOS_V2/cmsis_os2.c.obj (memcpy)
e:/workspace/clion/gcc-arm-none-eabi-10.3-2021.10/bin/../lib/gcc/arm-none-eabi/10.3.1/../../../../arm-none-eabi/lib/thumb/v7-m/nofp\libg.a(lib_a-memset.o)
                              e:/workspace/clion/gcc-arm-none-eabi-10.3-2021.10/bin/../lib/gcc/arm-none-eabi/10.3.1/../../../../arm-none-eabi/lib/thumb/v7-m/nofp/crt0.o (memset)
e:/workspace/clion/gcc-arm-none-eabi-10.3-2021.10/bin/../lib/gcc/arm-none-eabi/10.3.1/../../../../arm-none-eabi/lib/thumb/v7-m/nofp\libg.a(lib_a-puts.o)
                              CMakeFiles/freertos_test.elf.dir/Core/Src/main.c.obj (puts)
e:/workspace/clion/gcc-arm-none-eabi-10.3-2021.10/bin/../lib/gcc/arm-none-eabi/10.3.1/../../../../arm-none-eabi/lib/thumb/v7-m/nofp\libg.a(lib_a-setvbuf.o)
                              CMakeFiles/freertos_test.elf.dir/Core/Src/retarget.c.obj (setvbuf)
e:/workspace/clion/gcc-arm-none-eabi-10.3-2021.10/bin/../lib/gcc/arm-none-eabi/10.3.1/../../../../arm-none-eabi/lib/thumb/v7-m/nofp\libg.a(lib_a-strlen-stub.o)
                              e:/workspace/clion/gcc-arm-none-eabi-10.3-2021.10/bin/../lib/gcc/arm-none-eabi/10.3.1/../../../../arm-none-eabi/lib/thumb/v7-m/nofp\libg.a(lib_a-puts.o) (strlen)
e:/workspace/clion/gcc-arm-none-eabi-10.3-2021.10/bin/../lib/gcc/arm-none-eabi/10.3.1/../../../../arm-none-eabi/lib/thumb/v7-m/nofp\libg.a(lib_a-__call_atexit.o)
                              e:/workspace/clion/gcc-arm-none-eabi-10.3-2021.10/bin/../lib/gcc/arm-none-eabi/10.3.1/../../../../arm-none-eabi/lib/thumb/v7-m/nofp\libg.a(lib_a-exit.o) (__call_exitprocs)
e:/workspace/clion/gcc-arm-none-eabi-10.3-2021.10/bin/../lib/gcc/arm-none-eabi/10.3.1/../../../../arm-none-eabi/lib/thumb/v7-m/nofp\libg.a(lib_a-atexit.o)
                              e:/workspace/clion/gcc-arm-none-eabi-10.3-2021.10/bin/../lib/gcc/arm-none-eabi/10.3.1/../../../../arm-none-eabi/lib/thumb/v7-m/nofp\libg.a(lib_a-__call_atexit.o) (atexit)
e:/workspace/clion/gcc-arm-none-eabi-10.3-2021.10/bin/../lib/gcc/arm-none-eabi/10.3.1/../../../../arm-none-eabi/lib/thumb/v7-m/nofp\libg.a(lib_a-fflush.o)
                              e:/workspace/clion/gcc-arm-none-eabi-10.3-2021.10/bin/../lib/gcc/arm-none-eabi/10.3.1/../../../../arm-none-eabi/lib/thumb/v7-m/nofp\libg.a(lib_a-setvbuf.o) (_fflush_r)
e:/workspace/clion/gcc-arm-none-eabi-10.3-2021.10/bin/../lib/gcc/arm-none-eabi/10.3.1/../../../../arm-none-eabi/lib/thumb/v7-m/nofp\libg.a(lib_a-findfp.o)
                              e:/workspace/clion/gcc-arm-none-eabi-10.3-2021.10/bin/../lib/gcc/arm-none-eabi/10.3.1/../../../../arm-none-eabi/lib/thumb/v7-m/nofp\libg.a(lib_a-puts.o) (__sinit)
e:/workspace/clion/gcc-arm-none-eabi-10.3-2021.10/bin/../lib/gcc/arm-none-eabi/10.3.1/../../../../arm-none-eabi/lib/thumb/v7-m/nofp\libg.a(lib_a-fini.o)
                              e:/workspace/clion/gcc-arm-none-eabi-10.3-2021.10/bin/../lib/gcc/arm-none-eabi/10.3.1/../../../../arm-none-eabi/lib/thumb/v7-m/nofp\libg.a(lib_a-__call_atexit.o) (__libc_fini_array)
e:/workspace/clion/gcc-arm-none-eabi-10.3-2021.10/bin/../lib/gcc/arm-none-eabi/10.3.1/../../../../arm-none-eabi/lib/thumb/v7-m/nofp\libg.a(lib_a-freer.o)
                              e:/workspace/clion/gcc-arm-none-eabi-10.3-2021.10/bin/../lib/gcc/arm-none-eabi/10.3.1/../../../../arm-none-eabi/lib/thumb/v7-m/nofp\libg.a(lib_a-setvbuf.o) (_free_r)
[...]
Memory Configuration

Name             Origin             Length             Attributes
RAM              0x20000000         0x00005000         xrw
FLASH            0x08000000         0x00010000         xr
*default*        0x00000000         0xffffffff

Linker script and memory map

LOAD e:/workspace/clion/gcc-arm-none-eabi-10.3-2021.10/bin/../lib/gcc/arm-none-eabi/10.3.1/thumb/v7-m/nofp/crti.o
LOAD e:/workspace/clion/gcc-arm-none-eabi-10.3-2021.10/bin/../lib/gcc/arm-none-eabi/10.3.1/thumb/v7-m/nofp/crtbegin.o
LOAD e:/workspace/clion/gcc-arm-none-eabi-10.3-2021.10/bin/../lib/gcc/arm-none-eabi/10.3.1/../../../../arm-none-eabi/lib/thumb/v7-m/nofp/crt0.o
LOAD CMakeFiles/freertos_test.elf.dir/Core/Src/freertos.c.obj
LOAD CMakeFiles/freertos_test.elf.dir/Core/Src/gpio.c.obj
LOAD CMakeFiles/freertos_test.elf.dir/Core/Src/main.c.obj
LOAD CMakeFiles/freertos_test.elf.dir/Core/Src/retarget.c.obj
LOAD CMakeFiles/freertos_test.elf.dir/Core/Src/stm32f1xx_hal_msp.c.obj
LOAD CMakeFiles/freertos_test.elf.dir/Core/Src/stm32f1xx_it.c.obj
LOAD CMakeFiles/freertos_test.elf.dir/Core/Src/syscalls.c.obj
LOAD CMakeFiles/freertos_test.elf.dir/Core/Src/sysmem.c.obj
LOAD CMakeFiles/freertos_test.elf.dir/Core/Src/system_stm32f1xx.c.obj
LOAD CMakeFiles/freertos_test.elf.dir/Core/Src/usart.c.obj
LOAD CMakeFiles/freertos_test.elf.dir/Core/Startup/startup_stm32f103c8tx.s.obj
LOAD CMakeFiles/freertos_test.elf.dir/Drivers/STM32F1xx_HAL_Driver/Src/stm32f1xx_hal.c.obj
LOAD CMakeFiles/freertos_test.elf.dir/Drivers/STM32F1xx_HAL_Driver/Src/stm32f1xx_hal_cortex.c.obj
LOAD CMakeFiles/freertos_test.elf.dir/Drivers/STM32F1xx_HAL_Driver/Src/stm32f1xx_hal_dma.c.obj
LOAD CMakeFiles/freertos_test.elf.dir/Drivers/STM32F1xx_HAL_Driver/Src/stm32f1xx_hal_exti.c.obj
LOAD CMakeFiles/freertos_test.elf.dir/Drivers/STM32F1xx_HAL_Driver/Src/stm32f1xx_hal_flash.c.obj
LOAD CMakeFiles/freertos_test.elf.dir/Drivers/STM32F1xx_HAL_Driver/Src/stm32f1xx_hal_flash_ex.c.obj
LOAD CMakeFiles/freertos_test.elf.dir/Drivers/STM32F1xx_HAL_Driver/Src/stm32f1xx_hal_gpio.c.obj
LOAD CMakeFiles/freertos_test.elf.dir/Drivers/STM32F1xx_HAL_Driver/Src/stm32f1xx_hal_gpio_ex.c.obj
LOAD CMakeFiles/freertos_test.elf.dir/Drivers/STM32F1xx_HAL_Driver/Src/stm32f1xx_hal_pwr.c.obj
LOAD CMakeFiles/freertos_test.elf.dir/Drivers/STM32F1xx_HAL_Driver/Src/stm32f1xx_hal_rcc.c.obj
LOAD CMakeFiles/freertos_test.elf.dir/Drivers/STM32F1xx_HAL_Driver/Src/stm32f1xx_hal_rcc_ex.c.obj
LOAD CMakeFiles/freertos_test.elf.dir/Drivers/STM32F1xx_HAL_Driver/Src/stm32f1xx_hal_tim.c.obj
LOAD CMakeFiles/freertos_test.elf.dir/Drivers/STM32F1xx_HAL_Driver/Src/stm32f1xx_hal_tim_ex.c.obj
LOAD CMakeFiles/freertos_test.elf.dir/Drivers/STM32F1xx_HAL_Driver/Src/stm32f1xx_hal_uart.c.obj
LOAD CMakeFiles/freertos_test.elf.dir/Middlewares/Third_Party/FreeRTOS/Source/CMSIS_RTOS_V2/cmsis_os2.c.obj
LOAD CMakeFiles/freertos_test.elf.dir/Middlewares/Third_Party/FreeRTOS/Source/croutine.c.obj
LOAD CMakeFiles/freertos_test.elf.dir/Middlewares/Third_Party/FreeRTOS/Source/event_groups.c.obj
LOAD CMakeFiles/freertos_test.elf.dir/Middlewares/Third_Party/FreeRTOS/Source/list.c.obj
LOAD CMakeFiles/freertos_test.elf.dir/Middlewares/Third_Party/FreeRTOS/Source/portable/GCC/ARM_CM3/port.c.obj
LOAD CMakeFiles/freertos_test.elf.dir/Middlewares/Third_Party/FreeRTOS/Source/portable/MemMang/heap_4.c.obj
LOAD CMakeFiles/freertos_test.elf.dir/Middlewares/Third_Party/FreeRTOS/Source/queue.c.obj
LOAD CMakeFiles/freertos_test.elf.dir/Middlewares/Third_Party/FreeRTOS/Source/stream_buffer.c.obj
LOAD CMakeFiles/freertos_test.elf.dir/Middlewares/Third_Party/FreeRTOS/Source/tasks.c.obj
LOAD CMakeFiles/freertos_test.elf.dir/Middlewares/Third_Party/FreeRTOS/Source/timers.c.obj
START GROUP
LOAD e:/workspace/clion/gcc-arm-none-eabi-10.3-2021.10/bin/../lib/gcc/arm-none-eabi/10.3.1/thumb/v7-m/nofp\libgcc.a
LOAD e:/workspace/clion/gcc-arm-none-eabi-10.3-2021.10/bin/../lib/gcc/arm-none-eabi/10.3.1/../../../../arm-none-eabi/lib/thumb/v7-m/nofp\libg.a
LOAD e:/workspace/clion/gcc-arm-none-eabi-10.3-2021.10/bin/../lib/gcc/arm-none-eabi/10.3.1/../../../../arm-none-eabi/lib/thumb/v7-m/nofp\libc.a
END GROUP
LOAD e:/workspace/clion/gcc-arm-none-eabi-10.3-2021.10/bin/../lib/gcc/arm-none-eabi/10.3.1/thumb/v7-m/nofp/crtend.o
LOAD e:/workspace/clion/gcc-arm-none-eabi-10.3-2021.10/bin/../lib/gcc/arm-none-eabi/10.3.1/thumb/v7-m/nofp/crtn.o
                0x20005000                _estack = (ORIGIN (RAM) + LENGTH (RAM))
                0x00000200                _Min_Heap_Size = 0x200
                0x00000400                _Min_Stack_Size = 0x400

.isr_vector     0x08000000      0x10c
                0x08000000                . = ALIGN (0x4)
 *(.isr_vector)
 .isr_vector    0x08000000      0x10c CMakeFiles/freertos_test.elf.dir/Core/Startup/startup_stm32f103c8tx.s.obj
                0x08000000                g_pfnVectors
                0x0800010c                . = ALIGN (0x4)

.text           0x08000110     0x4c1c
                0x08000110                . = ALIGN (0x4)
 *(.text)
 .text          0x08000110       0x40 e:/workspace/clion/gcc-arm-none-eabi-10.3-2021.10/bin/../lib/gcc/arm-none-eabi/10.3.1/thumb/v7-m/nofp/crtbegin.o
 .text          0x08000150       0xec e:/workspace/clion/gcc-arm-none-eabi-10.3-2021.10/bin/../lib/gcc/arm-none-eabi/10.3.1/../../../../arm-none-eabi/lib/thumb/v7-m/nofp\libg.a(lib_a-memcpy.o)
                0x08000150                memcpy
 *(.text*)
 .text.StartDefaultTask
                0x0800023c        0xa CMakeFiles/freertos_test.elf.dir/Core/Src/freertos.c.obj
                0x0800023c                StartDefaultTask
 *fill*         0x08000246        0x2 
 .text.MX_FREERTOS_Init
                0x08000248       0x20 CMakeFiles/freertos_test.elf.dir/Core/Src/freertos.c.obj
                0x08000248                MX_FREERTOS_Init
 .text.MX_GPIO_Init
                0x08000268       0x78 CMakeFiles/freertos_test.elf.dir/Core/Src/gpio.c.obj
                0x08000268                MX_GPIO_Init
 .text.start_task
                0x080002e0       0x58 CMakeFiles/freertos_test.elf.dir/Core/Src/main.c.obj
                0x080002e0                start_task
 .text.task1    0x08000338       0x28 CMakeFiles/freertos_test.elf.dir/Core/Src/main.c.obj
                0x08000338                task1
 .text.task2    0x08000360       0x28 CMakeFiles/freertos_test.elf.dir/Core/Src/main.c.obj
                0x08000360                task2
 .text.freertos_demo
                0x08000388       0x30 CMakeFiles/freertos_test.elf.dir/Core/Src/main.c.obj
                0x08000388                freertos_demo
 .text.Error_Handler
                0x080003b8        0x4 CMakeFiles/freertos_test.elf.dir/Core/Src/main.c.obj
                0x080003b8                Error_Handler
 .text.SystemClock_Config
                0x080003bc       0x64 CMakeFiles/freertos_test.elf.dir/Core/Src/main.c.obj
                0x080003bc                SystemClock_Config
 .text.main     0x08000420       0x3c CMakeFiles/freertos_test.elf.dir/Core/Src/main.c.obj
                0x08000420                main
 .text.RetargetInit
                0x0800045c       0x20 CMakeFiles/freertos_test.elf.dir/Core/Src/retarget.c.obj
                0x0800045c                RetargetInit
 .text._isatty  0x0800047c       0x16 CMakeFiles/freertos_test.elf.dir/Core/Src/retarget.c.obj
                0x0800047c                _isatty
 *fill*         0x08000492        0x2 
 .text._write   0x08000494       0x34 CMakeFiles/freertos_test.elf.dir/Core/Src/retarget.c.obj
                0x08000494                _write
 .text._close   0x080004c8       0x18 CMakeFiles/freertos_test.elf.dir/Core/Src/retarget.c.obj
                0x080004c8                _close
 .text._lseek   0x080004e0       0x10 CMakeFiles/freertos_test.elf.dir/Core/Src/retarget.c.obj
                0x080004e0                _lseek
 .text._read    0x080004f0       0x30 CMakeFiles/freertos_test.elf.dir/Core/Src/retarget.c.obj
                0x080004f0                _read
 .text._fstat   0x08000520       0x1a CMakeFiles/freertos_test.elf.dir/Core/Src/retarget.c.obj
                0x08000520                _fstat
 *fill*         0x0800053a        0x2 
 .text.HAL_MspInit
                0x0800053c       0x54 CMakeFiles/freertos_test.elf.dir/Core/Src/stm32f1xx_hal_msp.c.obj
                0x0800053c                HAL_MspInit
 .text.NMI_Handler
                0x08000590        0x2 CMakeFiles/freertos_test.elf.dir/Core/Src/stm32f1xx_it.c.obj
                0x08000590                NMI_Handler
 .text.HardFault_Handler
                0x08000592        0x2 CMakeFiles/freertos_test.elf.dir/Core/Src/stm32f1xx_it.c.obj
                0x08000592                HardFault_Handler
 .text.MemManage_Handler
                0x08000594        0x2 CMakeFiles/freertos_test.elf.dir/Core/Src/stm32f1xx_it.c.obj
                0x08000594                MemManage_Handler
 .text.BusFault_Handler
                0x08000596        0x2 CMakeFiles/freertos_test.elf.dir/Core/Src/stm32f1xx_it.c.obj
                0x08000596                BusFault_Handler
 .text.UsageFault_Handler
                0x08000598        0x2 CMakeFiles/freertos_test.elf.dir/Core/Src/stm32f1xx_it.c.obj
                0x08000598                UsageFault_Handler
 .text.DebugMon_Handler
                0x0800059a        0x2 CMakeFiles/freertos_test.elf.dir/Core/Src/stm32f1xx_it.c.obj
                0x0800059a                DebugMon_Handler
 .text.SysTick_Handler
                0x0800059c       0x16 CMakeFiles/freertos_test.elf.dir/Core/Src/stm32f1xx_it.c.obj
                0x0800059c                SysTick_Handler
 *fill*         0x080005b2        0x2 
 .text._sbrk    0x080005b4       0x48 CMakeFiles/freertos_test.elf.dir/Core/Src/sysmem.c.obj
                0x080005b4                _sbrk
 .text.SystemInit
                0x080005fc        0x2 CMakeFiles/freertos_test.elf.dir/Core/Src/system_stm32f1xx.c.obj
                0x080005fc                SystemInit
 *fill*         0x080005fe        0x2 
 .text.MX_USART1_UART_Init
                0x08000600       0x34 CMakeFiles/freertos_test.elf.dir/Core/Src/usart.c.obj
                0x08000600                MX_USART1_UART_Init
 .text.HAL_UART_MspInit
                0x08000634       0x78 CMakeFiles/freertos_test.elf.dir/Core/Src/usart.c.obj
                0x08000634                HAL_UART_MspInit
 .text.Reset_Handler
                0x080006ac       0x48 CMakeFiles/freertos_test.elf.dir/Core/Startup/startup_stm32f103c8tx.s.obj
                0x080006ac                Reset_Handler
 .text.Default_Handler
                0x080006f4        0x2 CMakeFiles/freertos_test.elf.dir/Core/Startup/startup_stm32f103c8tx.s.obj
                0x080006f4                RTC_Alarm_IRQHandler
                0x080006f4                EXTI2_IRQHandler
                0x080006f4                TIM1_CC_IRQHandler
                0x080006f4                PVD_IRQHandler
                0x080006f4                EXTI3_IRQHandler
                0x080006f4                EXTI0_IRQHandler
                0x080006f4                I2C2_EV_IRQHandler
                0x080006f4                ADC1_2_IRQHandler
                0x080006f4                SPI1_IRQHandler
                0x080006f4                TAMPER_IRQHandler
                0x080006f4                DMA1_Channel4_IRQHandler
                0x080006f4                USART3_IRQHandler
                0x080006f4                RTC_IRQHandler
                0x080006f4                DMA1_Channel7_IRQHandler
                0x080006f4                CAN1_RX1_IRQHandler
                0x080006f4                TIM4_IRQHandler
                0x080006f4                I2C1_EV_IRQHandler
                0x080006f4                DMA1_Channel6_IRQHandler
                0x080006f4                TIM3_IRQHandler
                0x080006f4                RCC_IRQHandler
                0x080006f4                TIM1_TRG_COM_IRQHandler
                0x080006f4                DMA1_Channel1_IRQHandler
                0x080006f4                Default_Handler
                0x080006f4                EXTI15_10_IRQHandler
                0x080006f4                EXTI9_5_IRQHandler
                0x080006f4                SPI2_IRQHandler
                0x080006f4                DMA1_Channel5_IRQHandler
                0x080006f4                EXTI4_IRQHandler
                0x080006f4                USB_LP_CAN1_RX0_IRQHandler
                0x080006f4                USB_HP_CAN1_TX_IRQHandler
                0x080006f4                DMA1_Channel3_IRQHandler
                0x080006f4                TIM1_UP_IRQHandler
                0x080006f4                WWDG_IRQHandler
                0x080006f4                TIM2_IRQHandler
                0x080006f4                TIM1_BRK_IRQHandler
                0x080006f4                EXTI1_IRQHandler
                0x080006f4                USART2_IRQHandler
                0x080006f4                I2C2_ER_IRQHandler
                0x080006f4                DMA1_Channel2_IRQHandler
                0x080006f4                CAN1_SCE_IRQHandler
                0x080006f4                FLASH_IRQHandler
                0x080006f4                USART1_IRQHandler
                0x080006f4                I2C1_ER_IRQHandler
                0x080006f4                USBWakeUp_IRQHandler
 *fill*         0x080006f6        0x2 
 .text.HAL_InitTick
                0x080006f8       0x4c CMakeFiles/freertos_test.elf.dir/Drivers/STM32F1xx_HAL_Driver/Src/stm32f1xx_hal.c.obj
                0x080006f8                HAL_InitTick
 .text.HAL_Init
                0x08000744       0x24 CMakeFiles/freertos_test.elf.dir/Drivers/STM32F1xx_HAL_Driver/Src/stm32f1xx_hal.c.obj
                0x08000744                HAL_Init
 .text.HAL_IncTick
                0x08000768       0x18 CMakeFiles/freertos_test.elf.dir/Drivers/STM32F1xx_HAL_Driver/Src/stm32f1xx_hal.c.obj
                0x08000768                HAL_IncTick
 .text.HAL_GetTick
                0x08000780        0xc CMakeFiles/freertos_test.elf.dir/Drivers/STM32F1xx_HAL_Driver/Src/stm32f1xx_hal.c.obj
                0x08000780                HAL_GetTick
 .text.HAL_NVIC_SetPriorityGrouping
                0x0800078c       0x24 CMakeFiles/freertos_test.elf.dir/Drivers/STM32F1xx_HAL_Driver/Src/stm32f1xx_hal_cortex.c.obj
                0x0800078c                HAL_NVIC_SetPriorityGrouping
 .text.HAL_NVIC_SetPriority
                0x080007b0       0x70 CMakeFiles/freertos_test.elf.dir/Drivers/STM32F1xx_HAL_Driver/Src/stm32f1xx_hal_cortex.c.obj
                0x080007b0                HAL_NVIC_SetPriority
 .text.HAL_SYSTICK_Config
                0x08000820       0x28 CMakeFiles/freertos_test.elf.dir/Drivers/STM32F1xx_HAL_Driver/Src/stm32f1xx_hal_cortex.c.obj
                0x08000820                HAL_SYSTICK_Config
 .text.HAL_GPIO_Init
                0x08000848      0x224 CMakeFiles/freertos_test.elf.dir/Drivers/STM32F1xx_HAL_Driver/Src/stm32f1xx_hal_gpio.c.obj
                0x08000848                HAL_GPIO_Init
 .text.HAL_GPIO_WritePin
                0x08000a6c        0xc CMakeFiles/freertos_test.elf.dir/Drivers/STM32F1xx_HAL_Driver/Src/stm32f1xx_hal_gpio.c.obj
                0x08000a6c                HAL_GPIO_WritePin
 .text.RCC_Delay
                0x08000a78       0x2c CMakeFiles/freertos_test.elf.dir/Drivers/STM32F1xx_HAL_Driver/Src/stm32f1xx_hal_rcc.c.obj
 .text.HAL_RCC_OscConfig
                0x08000aa4      0x410 CMakeFiles/freertos_test.elf.dir/Drivers/STM32F1xx_HAL_Driver/Src/stm32f1xx_hal_rcc.c.obj
                0x08000aa4                HAL_RCC_OscConfig
 .text.HAL_RCC_GetSysClockFreq
                0x08000eb4       0x54 CMakeFiles/freertos_test.elf.dir/Drivers/STM32F1xx_HAL_Driver/Src/stm32f1xx_hal_rcc.c.obj
                0x08000eb4                HAL_RCC_GetSysClockFreq
 .text.HAL_RCC_ClockConfig
                0x08000f08      0x16c CMakeFiles/freertos_test.elf.dir/Drivers/STM32F1xx_HAL_Driver/Src/stm32f1xx_hal_rcc.c.obj
                0x08000f08                HAL_RCC_ClockConfig
 .text.HAL_RCC_GetHCLKFreq
                0x08001074        0xc CMakeFiles/freertos_test.elf.dir/Drivers/STM32F1xx_HAL_Driver/Src/stm32f1xx_hal_rcc.c.obj
                0x08001074                HAL_RCC_GetHCLKFreq
 .text.HAL_RCC_GetPCLK1Freq
                0x08001080       0x20 CMakeFiles/freertos_test.elf.dir/Drivers/STM32F1xx_HAL_Driver/Src/stm32f1xx_hal_rcc.c.obj
                0x08001080                HAL_RCC_GetPCLK1Freq
 .text.HAL_RCC_GetPCLK2Freq
                0x080010a0       0x20 CMakeFiles/freertos_test.elf.dir/Drivers/STM32F1xx_HAL_Driver/Src/stm32f1xx_hal_rcc.c.obj
                0x080010a0                HAL_RCC_GetPCLK2Freq
 .text.UART_SetConfig
                0x080010c0       0x94 CMakeFiles/freertos_test.elf.dir/Drivers/STM32F1xx_HAL_Driver/Src/stm32f1xx_hal_uart.c.obj
 .text.UART_WaitOnFlagUntilTimeout
                0x08001154       0x88 CMakeFiles/freertos_test.elf.dir/Drivers/STM32F1xx_HAL_Driver/Src/stm32f1xx_hal_uart.c.obj
 .text.HAL_UART_Init
                0x080011dc       0x60 CMakeFiles/freertos_test.elf.dir/Drivers/STM32F1xx_HAL_Driver/Src/stm32f1xx_hal_uart.c.obj
                0x080011dc                HAL_UART_Init
 .text.HAL_UART_Transmit
                0x0800123c       0xbe CMakeFiles/freertos_test.elf.dir/Drivers/STM32F1xx_HAL_Driver/Src/stm32f1xx_hal_uart.c.obj
                0x0800123c                HAL_UART_Transmit
 .text.HAL_UART_Receive
                0x080012fa       0xca CMakeFiles/freertos_test.elf.dir/Drivers/STM32F1xx_HAL_Driver/Src/stm32f1xx_hal_uart.c.obj
                0x080012fa                HAL_UART_Receive
 .text.osKernelInitialize
                0x080013c4       0x44 CMakeFiles/freertos_test.elf.dir/Middlewares/Third_Party/FreeRTOS/Source/CMSIS_RTOS_V2/cmsis_os2.c.obj
                0x080013c4                osKernelInitialize
 .text.osKernelStart
                0x08001408       0x4c CMakeFiles/freertos_test.elf.dir/Middlewares/Third_Party/FreeRTOS/Source/CMSIS_RTOS_V2/cmsis_os2.c.obj
                0x08001408                osKernelStart
 .text.osThreadNew
                0x08001454       0xec CMakeFiles/freertos_test.elf.dir/Middlewares/Third_Party/FreeRTOS/Source/CMSIS_RTOS_V2/cmsis_os2.c.obj
                0x08001454                osThreadNew
 .text.osDelay  0x08001540       0x44 CMakeFiles/freertos_test.elf.dir/Middlewares/Third_Party/FreeRTOS/Source/CMSIS_RTOS_V2/cmsis_os2.c.obj
                0x08001540                osDelay
 .text.vApplicationGetIdleTaskMemory
                0x08001584       0x18 CMakeFiles/freertos_test.elf.dir/Middlewares/Third_Party/FreeRTOS/Source/CMSIS_RTOS_V2/cmsis_os2.c.obj
                0x08001584                vApplicationGetIdleTaskMemory
 .text.vApplicationGetTimerTaskMemory
                0x0800159c       0x18 CMakeFiles/freertos_test.elf.dir/Middlewares/Third_Party/FreeRTOS/Source/CMSIS_RTOS_V2/cmsis_os2.c.obj
                0x0800159c                vApplicationGetTimerTaskMemory
 .text.vListInitialise
                0x080015b4       0x16 CMakeFiles/freertos_test.elf.dir/Middlewares/Third_Party/FreeRTOS/Source/list.c.obj
                0x080015b4                vListInitialise
 .text.vListInitialiseItem
                0x080015ca        0x6 CMakeFiles/freertos_test.elf.dir/Middlewares/Third_Party/FreeRTOS/Source/list.c.obj
                0x080015ca                vListInitialiseItem
 .text.vListInsertEnd
                0x080015d0       0x16 CMakeFiles/freertos_test.elf.dir/Middlewares/Third_Party/FreeRTOS/Source/list.c.obj
                0x080015d0                vListInsertEnd
 .text.vListInsert
                0x080015e6       0x32 CMakeFiles/freertos_test.elf.dir/Middlewares/Third_Party/FreeRTOS/Source/list.c.obj
                0x080015e6                vListInsert
 .text.uxListRemove
                0x08001618       0x26 CMakeFiles/freertos_test.elf.dir/Middlewares/Third_Party/FreeRTOS/Source/list.c.obj
                0x08001618                uxListRemove
 *fill*         0x0800163e        0x2 
 .text.prvTaskExitError
                0x08001640       0x40 CMakeFiles/freertos_test.elf.dir/Middlewares/Third_Party/FreeRTOS/Source/portable/GCC/ARM_CM3/port.c.obj
 .text.prvPortStartFirstTask
                0x08001680       0x20 CMakeFiles/freertos_test.elf.dir/Middlewares/Third_Party/FreeRTOS/Source/portable/GCC/ARM_CM3/port.c.obj
 .text.pxPortInitialiseStack
                0x080016a0       0x24 CMakeFiles/freertos_test.elf.dir/Middlewares/Third_Party/FreeRTOS/Source/portable/GCC/ARM_CM3/port.c.obj
                0x080016a0                pxPortInitialiseStack
 *fill*         0x080016c4        0xc 
 .text.SVC_Handler
                0x080016d0       0x24 CMakeFiles/freertos_test.elf.dir/Middlewares/Third_Party/FreeRTOS/Source/portable/GCC/ARM_CM3/port.c.obj
                0x080016d0                SVC_Handler
 .text.vPortEnterCritical
                0x080016f4       0x44 CMakeFiles/freertos_test.elf.dir/Middlewares/Third_Party/FreeRTOS/Source/portable/GCC/ARM_CM3/port.c.obj
                0x080016f4                vPortEnterCritical
 .text.vPortExitCritical
                0x08001738       0x2c CMakeFiles/freertos_test.elf.dir/Middlewares/Third_Party/FreeRTOS/Source/portable/GCC/ARM_CM3/port.c.obj
                0x08001738                vPortExitCritical
 *fill*         0x08001764        0xc 
 .text.PendSV_Handler
                0x08001770       0x44 CMakeFiles/freertos_test.elf.dir/Middlewares/Third_Party/FreeRTOS/Source/portable/GCC/ARM_CM3/port.c.obj
                0x08001770                PendSV_Handler
 .text.xPortSysTickHandler
                0x080017b4       0x2c CMakeFiles/freertos_test.elf.dir/Middlewares/Third_Party/FreeRTOS/Source/portable/GCC/ARM_CM3/port.c.obj
                0x080017b4                xPortSysTickHandler
 .text.vPortSetupTimerInterrupt
                0x080017e0       0x28 CMakeFiles/freertos_test.elf.dir/Middlewares/Third_Party/FreeRTOS/Source/portable/GCC/ARM_CM3/port.c.obj
                0x080017e0                vPortSetupTimerInterrupt
 .text.xPortStartScheduler
                0x08001808       0xc0 CMakeFiles/freertos_test.elf.dir/Middlewares/Third_Party/FreeRTOS/Source/portable/GCC/ARM_CM3/port.c.obj
                0x08001808                xPortStartScheduler
 .text.vPortValidateInterruptPriority
                0x080018c8       0x5c CMakeFiles/freertos_test.elf.dir/Middlewares/Third_Party/FreeRTOS/Source/portable/GCC/ARM_CM3/port.c.obj
                0x080018c8                vPortValidateInterruptPriority
 .text.prvHeapInit
                0x08001924       0x64 CMakeFiles/freertos_test.elf.dir/Middlewares/Third_Party/FreeRTOS/Source/portable/MemMang/heap_4.c.obj
 .text.prvInsertBlockIntoFreeList
                0x08001988       0x60 CMakeFiles/freertos_test.elf.dir/Middlewares/Third_Party/FreeRTOS/Source/portable/MemMang/heap_4.c.obj
 .text.pvPortMalloc
                0x080019e8       0xf0 CMakeFiles/freertos_test.elf.dir/Middlewares/Third_Party/FreeRTOS/Source/portable/MemMang/heap_4.c.obj
                0x080019e8                pvPortMalloc
 .text.vPortFree
                0x08001ad8       0x70 CMakeFiles/freertos_test.elf.dir/Middlewares/Third_Party/FreeRTOS/Source/portable/MemMang/heap_4.c.obj
                0x08001ad8                vPortFree
 .text.prvIsQueueFull
                0x08001b48       0x1e CMakeFiles/freertos_test.elf.dir/Middlewares/Third_Party/FreeRTOS/Source/queue.c.obj
 .text.prvIsQueueEmpty
                0x08001b66       0x1a CMakeFiles/freertos_test.elf.dir/Middlewares/Third_Party/FreeRTOS/Source/queue.c.obj
 .text.prvCopyDataToQueue
                0x08001b80       0x76 CMakeFiles/freertos_test.elf.dir/Middlewares/Third_Party/FreeRTOS/Source/queue.c.obj
 .text.prvCopyDataFromQueue
                0x08001bf6       0x24 CMakeFiles/freertos_test.elf.dir/Middlewares/Third_Party/FreeRTOS/Source/queue.c.obj
 .text.prvUnlockQueue
                0x08001c1a       0x6e CMakeFiles/freertos_test.elf.dir/Middlewares/Third_Party/FreeRTOS/Source/queue.c.obj
 .text.xQueueGenericReset
                0x08001c88       0x84 CMakeFiles/freertos_test.elf.dir/Middlewares/Third_Party/FreeRTOS/Source/queue.c.obj
                0x08001c88                xQueueGenericReset
 .text.prvInitialiseNewQueue
                0x08001d0c       0x22 CMakeFiles/freertos_test.elf.dir/Middlewares/Third_Party/FreeRTOS/Source/queue.c.obj
 .text.xQueueGenericCreateStatic
                0x08001d2e       0x92 CMakeFiles/freertos_test.elf.dir/Middlewares/Third_Party/FreeRTOS/Source/queue.c.obj
                0x08001d2e                xQueueGenericCreateStatic
 .text.xQueueGenericSend
                0x08001dc0      0x188 CMakeFiles/freertos_test.elf.dir/Middlewares/Third_Party/FreeRTOS/Source/queue.c.obj
                0x08001dc0                xQueueGenericSend
 .text.xQueueGenericSendFromISR
                0x08001f48       0xcc CMakeFiles/freertos_test.elf.dir/Middlewares/Third_Party/FreeRTOS/Source/queue.c.obj
                0x08001f48                xQueueGenericSendFromISR
 .text.xQueueReceive
                0x08002014      0x15e CMakeFiles/freertos_test.elf.dir/Middlewares/Third_Party/FreeRTOS/Source/queue.c.obj
                0x08002014                xQueueReceive
 *fill*         0x08002172        0x2 
 .text.vQueueAddToRegistry
                0x08002174       0x28 CMakeFiles/freertos_test.elf.dir/Middlewares/Third_Party/FreeRTOS/Source/queue.c.obj
                0x08002174                vQueueAddToRegistry
 .text.vQueueWaitForMessageRestricted
                0x0800219c       0x52 CMakeFiles/freertos_test.elf.dir/Middlewares/Third_Party/FreeRTOS/Source/queue.c.obj
                0x0800219c                vQueueWaitForMessageRestricted
 *fill*         0x080021ee        0x2 
 .text.prvResetNextTaskUnblockTime
                0x080021f0       0x2c CMakeFiles/freertos_test.elf.dir/Middlewares/Third_Party/FreeRTOS/Source/tasks.c.obj
 .text.prvInitialiseNewTask
                0x0800221c       0x9c CMakeFiles/freertos_test.elf.dir/Middlewares/Third_Party/FreeRTOS/Source/tasks.c.obj
 .text.prvInitialiseTaskLists
                0x080022b8       0x68 CMakeFiles/freertos_test.elf.dir/Middlewares/Third_Party/FreeRTOS/Source/tasks.c.obj
 .text.prvAddNewTaskToReadyList
                0x08002320       0xac CMakeFiles/freertos_test.elf.dir/Middlewares/Third_Party/FreeRTOS/Source/tasks.c.obj
 .text.prvDeleteTCB
                0x080023cc       0x38 CMakeFiles/freertos_test.elf.dir/Middlewares/Third_Party/FreeRTOS/Source/tasks.c.obj
 .text.prvCheckTasksWaitingTermination
                0x08002404       0x4c CMakeFiles/freertos_test.elf.dir/Middlewares/Third_Party/FreeRTOS/Source/tasks.c.obj
 .text.prvIdleTask
                0x08002450        0x8 CMakeFiles/freertos_test.elf.dir/Middlewares/Third_Party/FreeRTOS/Source/tasks.c.obj
 .text.prvAddCurrentTaskToDelayedList
                0x08002458       0x7c CMakeFiles/freertos_test.elf.dir/Middlewares/Third_Party/FreeRTOS/Source/tasks.c.obj
 .text.xTaskCreateStatic
                0x080024d4       0x74 CMakeFiles/freertos_test.elf.dir/Middlewares/Third_Party/FreeRTOS/Source/tasks.c.obj
                0x080024d4                xTaskCreateStatic
 .text.xTaskCreate
                0x08002548       0x68 CMakeFiles/freertos_test.elf.dir/Middlewares/Third_Party/FreeRTOS/Source/tasks.c.obj
                0x08002548                xTaskCreate
 .text.vTaskDelete
                0x080025b0       0xb8 CMakeFiles/freertos_test.elf.dir/Middlewares/Third_Party/FreeRTOS/Source/tasks.c.obj
                0x080025b0                vTaskDelete
 .text.vTaskStartScheduler
                0x08002668       0x9c CMakeFiles/freertos_test.elf.dir/Middlewares/Third_Party/FreeRTOS/Source/tasks.c.obj
                0x08002668                vTaskStartScheduler
 .text.vTaskSuspendAll
                0x08002704       0x10 CMakeFiles/freertos_test.elf.dir/Middlewares/Third_Party/FreeRTOS/Source/tasks.c.obj
                0x08002704                vTaskSuspendAll
 .text.xTaskGetTickCount
                0x08002714        0xc CMakeFiles/freertos_test.elf.dir/Middlewares/Third_Party/FreeRTOS/Source/tasks.c.obj
                0x08002714                xTaskGetTickCount
 .text.xTaskIncrementTick
                0x08002720      0x118 CMakeFiles/freertos_test.elf.dir/Middlewares/Third_Party/FreeRTOS/Source/tasks.c.obj
                0x08002720                xTaskIncrementTick
 .text.xTaskResumeAll
                0x08002838       0xf8 CMakeFiles/freertos_test.elf.dir/Middlewares/Third_Party/FreeRTOS/Source/tasks.c.obj
                0x08002838                xTaskResumeAll
 .text.vTaskDelay
                0x08002930       0x4c CMakeFiles/freertos_test.elf.dir/Middlewares/Third_Party/FreeRTOS/Source/tasks.c.obj
                0x08002930                vTaskDelay
 .text.vTaskSwitchContext
                0x0800297c       0x94 CMakeFiles/freertos_test.elf.dir/Middlewares/Third_Party/FreeRTOS/Source/tasks.c.obj
                0x0800297c                vTaskSwitchContext
 .text.vTaskPlaceOnEventList
                0x08002a10       0x30 CMakeFiles/freertos_test.elf.dir/Middlewares/Third_Party/FreeRTOS/Source/tasks.c.obj
                0x08002a10                vTaskPlaceOnEventList
 .text.vTaskPlaceOnEventListRestricted
                0x08002a40       0x38 CMakeFiles/freertos_test.elf.dir/Middlewares/Third_Party/FreeRTOS/Source/tasks.c.obj
                0x08002a40                vTaskPlaceOnEventListRestricted
 .text.xTaskRemoveFromEventList
                0x08002a78       0x8c CMakeFiles/freertos_test.elf.dir/Middlewares/Third_Party/FreeRTOS/Source/tasks.c.obj
                0x08002a78                xTaskRemoveFromEventList
 .text.vTaskInternalSetTimeOutState
                0x08002b04       0x18 CMakeFiles/freertos_test.elf.dir/Middlewares/Third_Party/FreeRTOS/Source/tasks.c.obj
                0x08002b04                vTaskInternalSetTimeOutState
 .text.xTaskCheckForTimeOut
                0x08002b1c       0x84 CMakeFiles/freertos_test.elf.dir/Middlewares/Third_Party/FreeRTOS/Source/tasks.c.obj
                0x08002b1c                xTaskCheckForTimeOut
 .text.vTaskMissedYield
                0x08002ba0        0xc CMakeFiles/freertos_test.elf.dir/Middlewares/Third_Party/FreeRTOS/Source/tasks.c.obj
                0x08002ba0                vTaskMissedYield
 .text.xTaskGetSchedulerState
                0x08002bac       0x20 CMakeFiles/freertos_test.elf.dir/Middlewares/Third_Party/FreeRTOS/Source/tasks.c.obj
                0x08002bac                xTaskGetSchedulerState
 .text.xTaskPriorityDisinherit
                0x08002bcc       0x90 CMakeFiles/freertos_test.elf.dir/Middlewares/Third_Party/FreeRTOS/Source/tasks.c.obj
                0x08002bcc                xTaskPriorityDisinherit
 .text.prvGetNextExpireTime
                0x08002c5c       0x20 CMakeFiles/freertos_test.elf.dir/Middlewares/Third_Party/FreeRTOS/Source/timers.c.obj
 .text.prvInsertTimerInActiveList
                0x08002c7c       0x48 CMakeFiles/freertos_test.elf.dir/Middlewares/Third_Party/FreeRTOS/Source/timers.c.obj
 .text.prvCheckForValidListAndQueue
                0x08002cc4       0x70 CMakeFiles/freertos_test.elf.dir/Middlewares/Third_Party/FreeRTOS/Source/timers.c.obj
 .text.xTimerCreateTimerTask
                0x08002d34       0x64 CMakeFiles/freertos_test.elf.dir/Middlewares/Third_Party/FreeRTOS/Source/timers.c.obj
                0x08002d34                xTimerCreateTimerTask
 .text.xTimerGenericCommand
                0x08002d98       0x6c CMakeFiles/freertos_test.elf.dir/Middlewares/Third_Party/FreeRTOS/Source/timers.c.obj
                0x08002d98                xTimerGenericCommand
 .text.prvSwitchTimerLists
                0x08002e04       0x78 CMakeFiles/freertos_test.elf.dir/Middlewares/Third_Party/FreeRTOS/Source/timers.c.obj
 .text.prvSampleTimeNow
                0x08002e7c       0x2c CMakeFiles/freertos_test.elf.dir/Middlewares/Third_Party/FreeRTOS/Source/timers.c.obj
 .text.prvProcessExpiredTimer
                0x08002ea8       0x60 CMakeFiles/freertos_test.elf.dir/Middlewares/Third_Party/FreeRTOS/Source/timers.c.obj
 .text.prvProcessTimerOrBlockTask
                0x08002f08       0x74 CMakeFiles/freertos_test.elf.dir/Middlewares/Third_Party/FreeRTOS/Source/timers.c.obj
 .text.prvProcessReceivedCommands
                0x08002f7c       0xf8 CMakeFiles/freertos_test.elf.dir/Middlewares/Third_Party/FreeRTOS/Source/timers.c.obj
 .text.prvTimerTask
                0x08003074       0x16 CMakeFiles/freertos_test.elf.dir/Middlewares/Third_Party/FreeRTOS/Source/timers.c.obj
 *fill*         0x0800308a        0x2 
 .text.__errno  0x0800308c        0xc e:/workspace/clion/gcc-arm-none-eabi-10.3-2021.10/bin/../lib/gcc/arm-none-eabi/10.3.1/../../../../arm-none-eabi/lib/thumb/v7-m/nofp\libg.a(lib_a-errno.o)
                0x0800308c                __errno
 .text.__libc_init_array
                0x08003098       0x48 e:/workspace/clion/gcc-arm-none-eabi-10.3-2021.10/bin/../lib/gcc/arm-none-eabi/10.3.1/../../../../arm-none-eabi/lib/thumb/v7-m/nofp\libg.a(lib_a-init.o)
                0x08003098                __libc_init_array
 .text.memset   0x080030e0       0xa4 e:/workspace/clion/gcc-arm-none-eabi-10.3-2021.10/bin/../lib/gcc/arm-none-eabi/10.3.1/../../../../arm-none-eabi/lib/thumb/v7-m/nofp\libg.a(lib_a-memset.o)
                0x080030e0                memset
 .text._puts_r  0x08003184       0x9c e:/workspace/clion/gcc-arm-none-eabi-10.3-2021.10/bin/../lib/gcc/arm-none-eabi/10.3.1/../../../../arm-none-eabi/lib/thumb/v7-m/nofp\libg.a(lib_a-puts.o)
                0x08003184                _puts_r
 .text.puts     0x08003220       0x10 e:/workspace/clion/gcc-arm-none-eabi-10.3-2021.10/bin/../lib/gcc/arm-none-eabi/10.3.1/../../../../arm-none-eabi/lib/thumb/v7-m/nofp\libg.a(lib_a-puts.o)
                0x08003220                puts
 .text.setvbuf  0x08003230      0x1b0 e:/workspace/clion/gcc-arm-none-eabi-10.3-2021.10/bin/../lib/gcc/arm-none-eabi/10.3.1/../../../../arm-none-eabi/lib/thumb/v7-m/nofp\libg.a(lib_a-setvbuf.o)
                0x08003230                setvbuf
 .text.strlen   0x080033e0       0x5c e:/workspace/clion/gcc-arm-none-eabi-10.3-2021.10/bin/../lib/gcc/arm-none-eabi/10.3.1/../../../../arm-none-eabi/lib/thumb/v7-m/nofp\libg.a(lib_a-strlen-stub.o)
                0x080033e0                strlen
 .text.startup.register_fini
                0x0800343c       0x14 e:/workspace/clion/gcc-arm-none-eabi-10.3-2021.10/bin/../lib/gcc/arm-none-eabi/10.3.1/../../../../arm-none-eabi/lib/thumb/v7-m/nofp\libg.a(lib_a-__call_atexit.o)
 .text.atexit   0x08003450        0xc e:/workspace/clion/gcc-arm-none-eabi-10.3-2021.10/bin/../lib/gcc/arm-none-eabi/10.3.1/../../../../arm-none-eabi/lib/thumb/v7-m/nofp\libg.a(lib_a-atexit.o)
                0x08003450                atexit
 .text.__sflush_r
                0x0800345c      0x124 e:/workspace/clion/gcc-arm-none-eabi-10.3-2021.10/bin/../lib/gcc/arm-none-eabi/10.3.1/../../../../arm-none-eabi/lib/thumb/v7-m/nofp\libg.a(lib_a-fflush.o)
                0x0800345c                __sflush_r
 .text._fflush_r
                0x08003580       0x5c e:/workspace/clion/gcc-arm-none-eabi-10.3-2021.10/bin/../lib/gcc/arm-none-eabi/10.3.1/../../../../arm-none-eabi/lib/thumb/v7-m/nofp\libg.a(lib_a-fflush.o)
                0x08003580                _fflush_r
 .text._cleanup_r
                0x080035dc        0xc e:/workspace/clion/gcc-arm-none-eabi-10.3-2021.10/bin/../lib/gcc/arm-none-eabi/10.3.1/../../../../arm-none-eabi/lib/thumb/v7-m/nofp\libg.a(lib_a-findfp.o)
                0x080035dc                _cleanup_r
 .text.__sinit  0x080035e8      0x10c e:/workspace/clion/gcc-arm-none-eabi-10.3-2021.10/bin/../lib/gcc/arm-none-eabi/10.3.1/../../../../arm-none-eabi/lib/thumb/v7-m/nofp\libg.a(lib_a-findfp.o)
                0x080035e8                __sinit
 .text.__sfp_lock_acquire
                0x080036f4        0xc e:/workspace/clion/gcc-arm-none-eabi-10.3-2021.10/bin/../lib/gcc/arm-none-eabi/10.3.1/../../../../arm-none-eabi/lib/thumb/v7-m/nofp\libg.a(lib_a-findfp.o)
                0x080036f4                __sfp_lock_acquire
 .text.__sfp_lock_release
                0x08003700        0xc e:/workspace/clion/gcc-arm-none-eabi-10.3-2021.10/bin/../lib/gcc/arm-none-eabi/10.3.1/../../../../arm-none-eabi/lib/thumb/v7-m/nofp\libg.a(lib_a-findfp.o)
                0x08003700                __sfp_lock_release
 .text.__libc_fini_array
                0x0800370c       0x2c e:/workspace/clion/gcc-arm-none-eabi-10.3-2021.10/bin/../lib/gcc/arm-none-eabi/10.3.1/../../../../arm-none-eabi/lib/thumb/v7-m/nofp\libg.a(lib_a-fini.o)
                0x0800370c                __libc_fini_array
 .text._malloc_trim_r
                0x08003738       0xa0 e:/workspace/clion/gcc-arm-none-eabi-10.3-2021.10/bin/../lib/gcc/arm-none-eabi/10.3.1/../../../../arm-none-eabi/lib/thumb/v7-m/nofp\libg.a(lib_a-freer.o)
                0x08003738                _malloc_trim_r
 .text._free_r  0x080037d8      0x200 e:/workspace/clion/gcc-arm-none-eabi-10.3-2021.10/bin/../lib/gcc/arm-none-eabi/10.3.1/../../../../arm-none-eabi/lib/thumb/v7-m/nofp\libg.a(lib_a-freer.o)
                0x080037d8                _free_r
 .text.__sfvwrite_r
                0x080039d8      0x2f0 e:/workspace/clion/gcc-arm-none-eabi-10.3-2021.10/bin/../lib/gcc/arm-none-eabi/10.3.1/../../../../arm-none-eabi/lib/thumb/v7-m/nofp\libg.a(lib_a-fvwrite.o)
                0x080039d8                __sfvwrite_r
 .text._fwalk_reent
                0x08003cc8       0x48 e:/workspace/clion/gcc-arm-none-eabi-10.3-2021.10/bin/../lib/gcc/arm-none-eabi/10.3.1/../../../../arm-none-eabi/lib/thumb/v7-m/nofp\libg.a(lib_a-fwalk.o)
                0x08003cc8                _fwalk_reent
 .text.__retarget_lock_init_recursive
                0x08003d10        0x4 e:/workspace/clion/gcc-arm-none-eabi-10.3-2021.10/bin/../lib/gcc/arm-none-eabi/10.3.1/../../../../arm-none-eabi/lib/thumb/v7-m/nofp\libg.a(lib_a-lock.o)
                0x08003d10                __retarget_lock_init_recursive
 .text.__retarget_lock_close_recursive
                0x08003d14        0x4 e:/workspace/clion/gcc-arm-none-eabi-10.3-2021.10/bin/../lib/gcc/arm-none-eabi/10.3.1/../../../../arm-none-eabi/lib/thumb/v7-m/nofp\libg.a(lib_a-lock.o)
                0x08003d14                __retarget_lock_close_recursive
 .text.__retarget_lock_acquire_recursive
                0x08003d18        0x4 e:/workspace/clion/gcc-arm-none-eabi-10.3-2021.10/bin/../lib/gcc/arm-none-eabi/10.3.1/../../../../arm-none-eabi/lib/thumb/v7-m/nofp\libg.a(lib_a-lock.o)
                0x08003d18                __retarget_lock_acquire_recursive
 .text.__retarget_lock_release_recursive
                0x08003d1c        0x4 e:/workspace/clion/gcc-arm-none-eabi-10.3-2021.10/bin/../lib/gcc/arm-none-eabi/10.3.1/../../../../arm-none-eabi/lib/thumb/v7-m/nofp\libg.a(lib_a-lock.o)
                0x08003d1c                __retarget_lock_release_recursive
 .text.__smakebuf_r
                0x08003d20       0xe0 e:/workspace/clion/gcc-arm-none-eabi-10.3-2021.10/bin/../lib/gcc/arm-none-eabi/10.3.1/../../../../arm-none-eabi/lib/thumb/v7-m/nofp\libg.a(lib_a-makebuf.o)
                0x08003d20                __smakebuf_r
 .text.__swhatbuf_r
                0x08003e00       0x60 e:/workspace/clion/gcc-arm-none-eabi-10.3-2021.10/bin/../lib/gcc/arm-none-eabi/10.3.1/../../../../arm-none-eabi/lib/thumb/v7-m/nofp\libg.a(lib_a-makebuf.o)
                0x08003e00                __swhatbuf_r
 .text.malloc   0x08003e60       0x10 e:/workspace/clion/gcc-arm-none-eabi-10.3-2021.10/bin/../lib/gcc/arm-none-eabi/10.3.1/../../../../arm-none-eabi/lib/thumb/v7-m/nofp\libg.a(lib_a-malloc.o)
                0x08003e60                malloc
 .text._malloc_r
                0x08003e70      0x558 e:/workspace/clion/gcc-arm-none-eabi-10.3-2021.10/bin/../lib/gcc/arm-none-eabi/10.3.1/../../../../arm-none-eabi/lib/thumb/v7-m/nofp\libg.a(lib_a-mallocr.o)
                0x08003e70                _malloc_r
 .text.memchr   0x080043c8       0x90 e:/workspace/clion/gcc-arm-none-eabi-10.3-2021.10/bin/../lib/gcc/arm-none-eabi/10.3.1/../../../../arm-none-eabi/lib/thumb/v7-m/nofp\libg.a(lib_a-memchr-stub.o)
                0x080043c8                memchr
 .text.memmove  0x08004458       0xf8 e:/workspace/clion/gcc-arm-none-eabi-10.3-2021.10/bin/../lib/gcc/arm-none-eabi/10.3.1/../../../../arm-none-eabi/lib/thumb/v7-m/nofp\libg.a(lib_a-memmove.o)
                0x08004458                memmove
 .text.__malloc_lock
                0x08004550        0xc e:/workspace/clion/gcc-arm-none-eabi-10.3-2021.10/bin/../lib/gcc/arm-none-eabi/10.3.1/../../../../arm-none-eabi/lib/thumb/v7-m/nofp\libg.a(lib_a-mlock.o)
                0x08004550                __malloc_lock
 .text.__malloc_unlock
                0x0800455c        0xc e:/workspace/clion/gcc-arm-none-eabi-10.3-2021.10/bin/../lib/gcc/arm-none-eabi/10.3.1/../../../../arm-none-eabi/lib/thumb/v7-m/nofp\libg.a(lib_a-mlock.o)
                0x0800455c                __malloc_unlock
 .text._realloc_r
                0x08004568      0x3dc e:/workspace/clion/gcc-arm-none-eabi-10.3-2021.10/bin/../lib/gcc/arm-none-eabi/10.3.1/../../../../arm-none-eabi/lib/thumb/v7-m/nofp\libg.a(lib_a-reallocr.o)
                0x08004568                _realloc_r
 .text._sbrk_r  0x08004944       0x24 e:/workspace/clion/gcc-arm-none-eabi-10.3-2021.10/bin/../lib/gcc/arm-none-eabi/10.3.1/../../../../arm-none-eabi/lib/thumb/v7-m/nofp\libg.a(lib_a-sbrkr.o)
                0x08004944                _sbrk_r
 .text.__sread  0x08004968       0x24 e:/workspace/clion/gcc-arm-none-eabi-10.3-2021.10/bin/../lib/gcc/arm-none-eabi/10.3.1/../../../../arm-none-eabi/lib/thumb/v7-m/nofp\libg.a(lib_a-stdio.o)
                0x08004968                __sread
 .text.__swrite
                0x0800498c       0x40 e:/workspace/clion/gcc-arm-none-eabi-10.3-2021.10/bin/../lib/gcc/arm-none-eabi/10.3.1/../../../../arm-none-eabi/lib/thumb/v7-m/nofp\libg.a(lib_a-stdio.o)
                0x0800498c                __swrite
 .text.__sseek  0x080049cc       0x20 e:/workspace/clion/gcc-arm-none-eabi-10.3-2021.10/bin/../lib/gcc/arm-none-eabi/10.3.1/../../../../arm-none-eabi/lib/thumb/v7-m/nofp\libg.a(lib_a-stdio.o)
                0x080049cc                __sseek
 .text.__sclose
                0x080049ec        0x8 e:/workspace/clion/gcc-arm-none-eabi-10.3-2021.10/bin/../lib/gcc/arm-none-eabi/10.3.1/../../../../arm-none-eabi/lib/thumb/v7-m/nofp\libg.a(lib_a-stdio.o)
                0x080049ec                __sclose
 .text._write_r
                0x080049f4       0x2c e:/workspace/clion/gcc-arm-none-eabi-10.3-2021.10/bin/../lib/gcc/arm-none-eabi/10.3.1/../../../../arm-none-eabi/lib/thumb/v7-m/nofp\libg.a(lib_a-writer.o)
                0x080049f4                _write_r
 .text.__swsetup_r
                0x08004a20       0xd4 e:/workspace/clion/gcc-arm-none-eabi-10.3-2021.10/bin/../lib/gcc/arm-none-eabi/10.3.1/../../../../arm-none-eabi/lib/thumb/v7-m/nofp\libg.a(lib_a-wsetup.o)
                0x08004a20                __swsetup_r
 .text.__register_exitproc
                0x08004af4       0x8c e:/workspace/clion/gcc-arm-none-eabi-10.3-2021.10/bin/../lib/gcc/arm-none-eabi/10.3.1/../../../../arm-none-eabi/lib/thumb/v7-m/nofp\libg.a(lib_a-__atexit.o)
                0x08004af4                __register_exitproc
 .text._close_r
                0x08004b80       0x24 e:/workspace/clion/gcc-arm-none-eabi-10.3-2021.10/bin/../lib/gcc/arm-none-eabi/10.3.1/../../../../arm-none-eabi/lib/thumb/v7-m/nofp\libg.a(lib_a-closer.o)
                0x08004b80                _close_r
 .text._fclose_r
                0x08004ba4       0xcc e:/workspace/clion/gcc-arm-none-eabi-10.3-2021.10/bin/../lib/gcc/arm-none-eabi/10.3.1/../../../../arm-none-eabi/lib/thumb/v7-m/nofp\libg.a(lib_a-fclose.o)
                0x08004ba4                _fclose_r
 .text._fstat_r
                0x08004c70       0x28 e:/workspace/clion/gcc-arm-none-eabi-10.3-2021.10/bin/../lib/gcc/arm-none-eabi/10.3.1/../../../../arm-none-eabi/lib/thumb/v7-m/nofp\libg.a(lib_a-fstatr.o)
                0x08004c70                _fstat_r
 .text._isatty_r
                0x08004c98       0x24 e:/workspace/clion/gcc-arm-none-eabi-10.3-2021.10/bin/../lib/gcc/arm-none-eabi/10.3.1/../../../../arm-none-eabi/lib/thumb/v7-m/nofp\libg.a(lib_a-isattyr.o)
                0x08004c98                _isatty_r
 .text._lseek_r
                0x08004cbc       0x2c e:/workspace/clion/gcc-arm-none-eabi-10.3-2021.10/bin/../lib/gcc/arm-none-eabi/10.3.1/../../../../arm-none-eabi/lib/thumb/v7-m/nofp\libg.a(lib_a-lseekr.o)
                0x08004cbc                _lseek_r
 .text._read_r  0x08004ce8       0x2c e:/workspace/clion/gcc-arm-none-eabi-10.3-2021.10/bin/../lib/gcc/arm-none-eabi/10.3.1/../../../../arm-none-eabi/lib/thumb/v7-m/nofp\libg.a(lib_a-readr.o)
                0x08004ce8                _read_r
 *(.glue_7)
 .glue_7        0x08004d14        0x0 linker stubs
 *(.glue_7t)
 .glue_7t       0x08004d14        0x0 linker stubs
 *(.eh_frame)
 .eh_frame      0x08004d14        0x0 e:/workspace/clion/gcc-arm-none-eabi-10.3-2021.10/bin/../lib/gcc/arm-none-eabi/10.3.1/thumb/v7-m/nofp/crtbegin.o
 *(.init)
 .init          0x08004d14        0x4 e:/workspace/clion/gcc-arm-none-eabi-10.3-2021.10/bin/../lib/gcc/arm-none-eabi/10.3.1/thumb/v7-m/nofp/crti.o
                0x08004d14                _init
 .init          0x08004d18        0x8 e:/workspace/clion/gcc-arm-none-eabi-10.3-2021.10/bin/../lib/gcc/arm-none-eabi/10.3.1/thumb/v7-m/nofp/crtn.o
 *(.fini)
 .fini          0x08004d20        0x4 e:/workspace/clion/gcc-arm-none-eabi-10.3-2021.10/bin/../lib/gcc/arm-none-eabi/10.3.1/thumb/v7-m/nofp/crti.o
                0x08004d20                _fini
 .fini          0x08004d24        0x8 e:/workspace/clion/gcc-arm-none-eabi-10.3-2021.10/bin/../lib/gcc/arm-none-eabi/10.3.1/thumb/v7-m/nofp/crtn.o
                0x08004d2c                . = ALIGN (0x4)
                0x08004d2c                _etext = .

.vfp11_veneer   0x08004d2c        0x0
 .vfp11_veneer  0x08004d2c        0x0 linker stubs

.v4_bx          0x08004d2c        0x0
 .v4_bx         0x08004d2c        0x0 linker stubs

.iplt           0x08004d2c        0x0
 .iplt          0x08004d2c        0x0 e:/workspace/clion/gcc-arm-none-eabi-10.3-2021.10/bin/../lib/gcc/arm-none-eabi/10.3.1/thumb/v7-m/nofp/crtbegin.o

.rodata         0x08004d2c       0xcc
                0x08004d2c                . = ALIGN (0x4)
 *(.rodata)
 *(.rodata*)
 .rodata.str1.4
                0x08004d2c        0xc CMakeFiles/freertos_test.elf.dir/Core/Src/freertos.c.obj
 .rodata.defaultTask_attributes
                0x08004d38       0x24 CMakeFiles/freertos_test.elf.dir/Core/Src/freertos.c.obj
                0x08004d38                defaultTask_attributes
 .rodata.start_task.str1.4
                0x08004d5c        0xe CMakeFiles/freertos_test.elf.dir/Core/Src/main.c.obj
 *fill*         0x08004d6a        0x2 
 .rodata.task1.str1.4
                0x08004d6c       0x13 CMakeFiles/freertos_test.elf.dir/Core/Src/main.c.obj
 *fill*         0x08004d7f        0x1 
 .rodata.task2.str1.4
                0x08004d80       0x13 CMakeFiles/freertos_test.elf.dir/Core/Src/main.c.obj
 *fill*         0x08004d93        0x1 
 .rodata.freertos_demo.str1.4
                0x08004d94        0xb CMakeFiles/freertos_test.elf.dir/Core/Src/main.c.obj
 *fill*         0x08004d9f        0x1 
 .rodata.main.str1.4
                0x08004da0        0xa CMakeFiles/freertos_test.elf.dir/Core/Src/main.c.obj
 *fill*         0x08004daa        0x2 
 .rodata.AHBPrescTable
                0x08004dac       0x10 CMakeFiles/freertos_test.elf.dir/Core/Src/system_stm32f1xx.c.obj
                0x08004dac                AHBPrescTable
 .rodata.APBPrescTable
                0x08004dbc        0x8 CMakeFiles/freertos_test.elf.dir/Core/Src/system_stm32f1xx.c.obj
                0x08004dbc                APBPrescTable
 .rodata.aPLLMULFactorTable.1
                0x08004dc4       0x10 CMakeFiles/freertos_test.elf.dir/Drivers/STM32F1xx_HAL_Driver/Src/stm32f1xx_hal_rcc.c.obj
 .rodata.aPredivFactorTable.0
                0x08004dd4        0x2 CMakeFiles/freertos_test.elf.dir/Drivers/STM32F1xx_HAL_Driver/Src/stm32f1xx_hal_rcc.c.obj
 *fill*         0x08004dd6        0x2 
 .rodata.vTaskStartScheduler.str1.4
                0x08004dd8        0x5 CMakeFiles/freertos_test.elf.dir/Middlewares/Third_Party/FreeRTOS/Source/tasks.c.obj
 *fill*         0x08004ddd        0x3 
 .rodata.prvCheckForValidListAndQueue.str1.4
                0x08004de0        0x5 CMakeFiles/freertos_test.elf.dir/Middlewares/Third_Party/FreeRTOS/Source/timers.c.obj
 *fill*         0x08004de5        0x3 
 .rodata.xTimerCreateTimerTask.str1.4
                0x08004de8        0x8 CMakeFiles/freertos_test.elf.dir/Middlewares/Third_Party/FreeRTOS/Source/timers.c.obj
 .rodata._global_impure_ptr
                0x08004df0        0x4 e:/workspace/clion/gcc-arm-none-eabi-10.3-2021.10/bin/../lib/gcc/arm-none-eabi/10.3.1/../../../../arm-none-eabi/lib/thumb/v7-m/nofp\libg.a(lib_a-impure.o)
                0x08004df0                _global_impure_ptr
 .rodata._puts_r.str1.4
                0x08004df4        0x2 e:/workspace/clion/gcc-arm-none-eabi-10.3-2021.10/bin/../lib/gcc/arm-none-eabi/10.3.1/../../../../arm-none-eabi/lib/thumb/v7-m/nofp\libg.a(lib_a-puts.o)
                0x08004df8                . = ALIGN (0x4)
 *fill*         0x08004df6        0x2 

.rel.dyn        0x08004df8        0x0
 .rel.iplt      0x08004df8        0x0 e:/workspace/clion/gcc-arm-none-eabi-10.3-2021.10/bin/../lib/gcc/arm-none-eabi/10.3.1/thumb/v7-m/nofp/crtbegin.o

.ARM.extab      0x08004df8        0x0
                0x08004df8                . = ALIGN (0x4)
 *(.ARM.extab* .gnu.linkonce.armextab.*)
                0x08004df8                . = ALIGN (0x4)

.ARM            0x08004df8        0x0
                0x08004df8                . = ALIGN (0x4)
                0x08004df8                __exidx_start = .
 *(.ARM.exidx*)
                0x08004df8                __exidx_end = .
                0x08004df8                . = ALIGN (0x4)

.preinit_array  0x08004df8        0x0
                0x08004df8                . = ALIGN (0x4)
                0x08004df8                PROVIDE (__preinit_array_start = .)
 *(.preinit_array*)
                0x08004df8                PROVIDE (__preinit_array_end = .)
                0x08004df8                . = ALIGN (0x4)

.init_array     0x08004df8        0x8
                0x08004df8                . = ALIGN (0x4)
                0x08004df8                PROVIDE (__init_array_start = .)
 *(SORT_BY_NAME(.init_array.*))
 .init_array.00000
                0x08004df8        0x4 e:/workspace/clion/gcc-arm-none-eabi-10.3-2021.10/bin/../lib/gcc/arm-none-eabi/10.3.1/../../../../arm-none-eabi/lib/thumb/v7-m/nofp\libg.a(lib_a-__call_atexit.o)
 *(.init_array*)
 .init_array    0x08004dfc        0x4 e:/workspace/clion/gcc-arm-none-eabi-10.3-2021.10/bin/../lib/gcc/arm-none-eabi/10.3.1/thumb/v7-m/nofp/crtbegin.o
                0x08004e00                PROVIDE (__init_array_end = .)
                0x08004e00                . = ALIGN (0x4)

.fini_array     0x08004e00        0x4
                0x08004e00                . = ALIGN (0x4)
                0x08004e00                PROVIDE (__fini_array_start = .)
 *(SORT_BY_NAME(.fini_array.*))
 *(.fini_array*)
 .fini_array    0x08004e00        0x4 e:/workspace/clion/gcc-arm-none-eabi-10.3-2021.10/bin/../lib/gcc/arm-none-eabi/10.3.1/thumb/v7-m/nofp/crtbegin.o
                0x08004e04                PROVIDE (__fini_array_end = .)
                0x08004e04                . = ALIGN (0x4)
                0x08004e04                _sidata = LOADADDR (.data)

.data           0x20000000      0x854 load address 0x08004e04
                0x20000000                . = ALIGN (0x4)
                0x20000000                _sdata = .
 *(.data)
 *(.data*)
 .data.SystemCoreClock
                0x20000000        0x4 CMakeFiles/freertos_test.elf.dir/Core/Src/system_stm32f1xx.c.obj
                0x20000000                SystemCoreClock
 .data.uwTickFreq
                0x20000004        0x1 CMakeFiles/freertos_test.elf.dir/Drivers/STM32F1xx_HAL_Driver/Src/stm32f1xx_hal.c.obj
                0x20000004                uwTickFreq
 *fill*         0x20000005        0x3 
 .data.uwTickPrio
                0x20000008        0x4 CMakeFiles/freertos_test.elf.dir/Drivers/STM32F1xx_HAL_Driver/Src/stm32f1xx_hal.c.obj
                0x20000008                uwTickPrio
 .data.uxCriticalNesting
                0x2000000c        0x4 CMakeFiles/freertos_test.elf.dir/Middlewares/Third_Party/FreeRTOS/Source/portable/GCC/ARM_CM3/port.c.obj
 .data._impure_ptr
                0x20000010        0x4 e:/workspace/clion/gcc-arm-none-eabi-10.3-2021.10/bin/../lib/gcc/arm-none-eabi/10.3.1/../../../../arm-none-eabi/lib/thumb/v7-m/nofp\libg.a(lib_a-impure.o)
                0x20000010                _impure_ptr
 *fill*         0x20000014        0x4 
 .data.impure_data
                0x20000018      0x428 e:/workspace/clion/gcc-arm-none-eabi-10.3-2021.10/bin/../lib/gcc/arm-none-eabi/10.3.1/../../../../arm-none-eabi/lib/thumb/v7-m/nofp\libg.a(lib_a-impure.o)
 .data.__atexit_recursive_mutex
                0x20000440        0x4 e:/workspace/clion/gcc-arm-none-eabi-10.3-2021.10/bin/../lib/gcc/arm-none-eabi/10.3.1/../../../../arm-none-eabi/lib/thumb/v7-m/nofp\libg.a(lib_a-__call_atexit.o)
                0x20000440                __atexit_recursive_mutex
 .data.__malloc_av_
                0x20000444      0x408 e:/workspace/clion/gcc-arm-none-eabi-10.3-2021.10/bin/../lib/gcc/arm-none-eabi/10.3.1/../../../../arm-none-eabi/lib/thumb/v7-m/nofp\libg.a(lib_a-mallocr.o)
                0x20000444                __malloc_av_
 .data.__malloc_sbrk_base
                0x2000084c        0x4 e:/workspace/clion/gcc-arm-none-eabi-10.3-2021.10/bin/../lib/gcc/arm-none-eabi/10.3.1/../../../../arm-none-eabi/lib/thumb/v7-m/nofp\libg.a(lib_a-mallocr.o)
                0x2000084c                __malloc_sbrk_base
 .data.__malloc_trim_threshold
                0x20000850        0x4 e:/workspace/clion/gcc-arm-none-eabi-10.3-2021.10/bin/../lib/gcc/arm-none-eabi/10.3.1/../../../../arm-none-eabi/lib/thumb/v7-m/nofp\libg.a(lib_a-mallocr.o)
                0x20000850                __malloc_trim_threshold
 *(.RamFunc)
 *(.RamFunc*)
                0x20000854                . = ALIGN (0x4)
                0x20000854                _edata = .

.igot.plt       0x20000854        0x0 load address 0x08005658
 .igot.plt      0x20000854        0x0 e:/workspace/clion/gcc-arm-none-eabi-10.3-2021.10/bin/../lib/gcc/arm-none-eabi/10.3.1/thumb/v7-m/nofp/crtbegin.o
                0x20000854                . = ALIGN (0x4)

.bss            0x20000854     0x1a10 load address 0x08005658
                0x20000854                _sbss = .
                0x20000854                __bss_start__ = _sbss
 *(.bss)
 .bss           0x20000854       0x1c e:/workspace/clion/gcc-arm-none-eabi-10.3-2021.10/bin/../lib/gcc/arm-none-eabi/10.3.1/thumb/v7-m/nofp/crtbegin.o
 *(.bss*)
 .bss.defaultTaskHandle
                0x20000870        0x4 CMakeFiles/freertos_test.elf.dir/Core/Src/freertos.c.obj
                0x20000870                defaultTaskHandle
 .bss.start_task_handler
                0x20000874        0x4 CMakeFiles/freertos_test.elf.dir/Core/Src/main.c.obj
                0x20000874                start_task_handler
 .bss.task1_handler
                0x20000878        0x4 CMakeFiles/freertos_test.elf.dir/Core/Src/main.c.obj
                0x20000878                task1_handler
 .bss.task2_handler
                0x2000087c        0x4 CMakeFiles/freertos_test.elf.dir/Core/Src/main.c.obj
                0x2000087c                task2_handler
 .bss.gHuart    0x20000880        0x4 CMakeFiles/freertos_test.elf.dir/Core/Src/retarget.c.obj
                0x20000880                gHuart
 .bss.__sbrk_heap_end
                0x20000884        0x4 CMakeFiles/freertos_test.elf.dir/Core/Src/sysmem.c.obj
 .bss.huart1    0x20000888       0x48 CMakeFiles/freertos_test.elf.dir/Core/Src/usart.c.obj
                0x20000888                huart1
 .bss.uwTick    0x200008d0        0x4 CMakeFiles/freertos_test.elf.dir/Drivers/STM32F1xx_HAL_Driver/Src/stm32f1xx_hal.c.obj
                0x200008d0                uwTick
 .bss.Idle_Stack
                0x200008d4      0x200 CMakeFiles/freertos_test.elf.dir/Middlewares/Third_Party/FreeRTOS/Source/CMSIS_RTOS_V2/cmsis_os2.c.obj
 .bss.Idle_TCB  0x20000ad4       0x5c CMakeFiles/freertos_test.elf.dir/Middlewares/Third_Party/FreeRTOS/Source/CMSIS_RTOS_V2/cmsis_os2.c.obj
 .bss.KernelState
                0x20000b30        0x4 CMakeFiles/freertos_test.elf.dir/Middlewares/Third_Party/FreeRTOS/Source/CMSIS_RTOS_V2/cmsis_os2.c.obj
 .bss.Timer_Stack
                0x20000b34      0x400 CMakeFiles/freertos_test.elf.dir/Middlewares/Third_Party/FreeRTOS/Source/CMSIS_RTOS_V2/cmsis_os2.c.obj
 .bss.Timer_TCB
                0x20000f34       0x5c CMakeFiles/freertos_test.elf.dir/Middlewares/Third_Party/FreeRTOS/Source/CMSIS_RTOS_V2/cmsis_os2.c.obj
 .bss.ucMaxSysCallPriority
                0x20000f90        0x1 CMakeFiles/freertos_test.elf.dir/Middlewares/Third_Party/FreeRTOS/Source/portable/GCC/ARM_CM3/port.c.obj
 *fill*         0x20000f91        0x3 
 .bss.ulMaxPRIGROUPValue
                0x20000f94        0x4 CMakeFiles/freertos_test.elf.dir/Middlewares/Third_Party/FreeRTOS/Source/portable/GCC/ARM_CM3/port.c.obj
 .bss.pxEnd     0x20000f98        0x4 CMakeFiles/freertos_test.elf.dir/Middlewares/Third_Party/FreeRTOS/Source/portable/MemMang/heap_4.c.obj
 .bss.ucHeap    0x20000f9c      0xc00 CMakeFiles/freertos_test.elf.dir/Middlewares/Third_Party/FreeRTOS/Source/portable/MemMang/heap_4.c.obj
 .bss.xBlockAllocatedBit
                0x20001b9c        0x4 CMakeFiles/freertos_test.elf.dir/Middlewares/Third_Party/FreeRTOS/Source/portable/MemMang/heap_4.c.obj
 .bss.xFreeBytesRemaining
                0x20001ba0        0x4 CMakeFiles/freertos_test.elf.dir/Middlewares/Third_Party/FreeRTOS/Source/portable/MemMang/heap_4.c.obj
 .bss.xMinimumEverFreeBytesRemaining
                0x20001ba4        0x4 CMakeFiles/freertos_test.elf.dir/Middlewares/Third_Party/FreeRTOS/Source/portable/MemMang/heap_4.c.obj
 .bss.xStart    0x20001ba8        0x8 CMakeFiles/freertos_test.elf.dir/Middlewares/Third_Party/FreeRTOS/Source/portable/MemMang/heap_4.c.obj
 .bss.xQueueRegistry
                0x20001bb0       0x40 CMakeFiles/freertos_test.elf.dir/Middlewares/Third_Party/FreeRTOS/Source/queue.c.obj
                0x20001bb0                xQueueRegistry
 .bss.pxCurrentTCB
                0x20001bf0        0x4 CMakeFiles/freertos_test.elf.dir/Middlewares/Third_Party/FreeRTOS/Source/tasks.c.obj
                0x20001bf0                pxCurrentTCB
 .bss.pxDelayedTaskList
                0x20001bf4        0x4 CMakeFiles/freertos_test.elf.dir/Middlewares/Third_Party/FreeRTOS/Source/tasks.c.obj
 .bss.pxOverflowDelayedTaskList
                0x20001bf8        0x4 CMakeFiles/freertos_test.elf.dir/Middlewares/Third_Party/FreeRTOS/Source/tasks.c.obj
 .bss.pxReadyTasksLists
                0x20001bfc      0x460 CMakeFiles/freertos_test.elf.dir/Middlewares/Third_Party/FreeRTOS/Source/tasks.c.obj
 .bss.uxCurrentNumberOfTasks
                0x2000205c        0x4 CMakeFiles/freertos_test.elf.dir/Middlewares/Third_Party/FreeRTOS/Source/tasks.c.obj
 .bss.uxDeletedTasksWaitingCleanUp
                0x20002060        0x4 CMakeFiles/freertos_test.elf.dir/Middlewares/Third_Party/FreeRTOS/Source/tasks.c.obj
 .bss.uxPendedTicks
                0x20002064        0x4 CMakeFiles/freertos_test.elf.dir/Middlewares/Third_Party/FreeRTOS/Source/tasks.c.obj
 .bss.uxSchedulerSuspended
                0x20002068        0x4 CMakeFiles/freertos_test.elf.dir/Middlewares/Third_Party/FreeRTOS/Source/tasks.c.obj
 .bss.uxTaskNumber
                0x2000206c        0x4 CMakeFiles/freertos_test.elf.dir/Middlewares/Third_Party/FreeRTOS/Source/tasks.c.obj
 .bss.uxTopReadyPriority
                0x20002070        0x4 CMakeFiles/freertos_test.elf.dir/Middlewares/Third_Party/FreeRTOS/Source/tasks.c.obj
 .bss.xDelayedTaskList1
                0x20002074       0x14 CMakeFiles/freertos_test.elf.dir/Middlewares/Third_Party/FreeRTOS/Source/tasks.c.obj
 .bss.xDelayedTaskList2
                0x20002088       0x14 CMakeFiles/freertos_test.elf.dir/Middlewares/Third_Party/FreeRTOS/Source/tasks.c.obj
 .bss.xIdleTaskHandle
                0x2000209c        0x4 CMakeFiles/freertos_test.elf.dir/Middlewares/Third_Party/FreeRTOS/Source/tasks.c.obj
 .bss.xNextTaskUnblockTime
                0x200020a0        0x4 CMakeFiles/freertos_test.elf.dir/Middlewares/Third_Party/FreeRTOS/Source/tasks.c.obj
 .bss.xNumOfOverflows
                0x200020a4        0x4 CMakeFiles/freertos_test.elf.dir/Middlewares/Third_Party/FreeRTOS/Source/tasks.c.obj
 .bss.xPendingReadyList
                0x200020a8       0x14 CMakeFiles/freertos_test.elf.dir/Middlewares/Third_Party/FreeRTOS/Source/tasks.c.obj
 .bss.xSchedulerRunning
                0x200020bc        0x4 CMakeFiles/freertos_test.elf.dir/Middlewares/Third_Party/FreeRTOS/Source/tasks.c.obj
 .bss.xSuspendedTaskList
                0x200020c0       0x14 CMakeFiles/freertos_test.elf.dir/Middlewares/Third_Party/FreeRTOS/Source/tasks.c.obj
 .bss.xTasksWaitingTermination
                0x200020d4       0x14 CMakeFiles/freertos_test.elf.dir/Middlewares/Third_Party/FreeRTOS/Source/tasks.c.obj
 .bss.xTickCount
                0x200020e8        0x4 CMakeFiles/freertos_test.elf.dir/Middlewares/Third_Party/FreeRTOS/Source/tasks.c.obj
 .bss.xYieldPending
                0x200020ec        0x4 CMakeFiles/freertos_test.elf.dir/Middlewares/Third_Party/FreeRTOS/Source/tasks.c.obj
 .bss.pxCurrentTimerList
                0x200020f0        0x4 CMakeFiles/freertos_test.elf.dir/Middlewares/Third_Party/FreeRTOS/Source/timers.c.obj
 .bss.pxOverflowTimerList
                0x200020f4        0x4 CMakeFiles/freertos_test.elf.dir/Middlewares/Third_Party/FreeRTOS/Source/timers.c.obj
 .bss.ucStaticTimerQueueStorage.1
                0x200020f8       0xa0 CMakeFiles/freertos_test.elf.dir/Middlewares/Third_Party/FreeRTOS/Source/timers.c.obj
 .bss.xActiveTimerList1
                0x20002198       0x14 CMakeFiles/freertos_test.elf.dir/Middlewares/Third_Party/FreeRTOS/Source/timers.c.obj
 .bss.xActiveTimerList2
                0x200021ac       0x14 CMakeFiles/freertos_test.elf.dir/Middlewares/Third_Party/FreeRTOS/Source/timers.c.obj
 .bss.xLastTime.2
                0x200021c0        0x4 CMakeFiles/freertos_test.elf.dir/Middlewares/Third_Party/FreeRTOS/Source/timers.c.obj
 .bss.xStaticTimerQueue.0
                0x200021c4       0x50 CMakeFiles/freertos_test.elf.dir/Middlewares/Third_Party/FreeRTOS/Source/timers.c.obj
 .bss.xTimerQueue
                0x20002214        0x4 CMakeFiles/freertos_test.elf.dir/Middlewares/Third_Party/FreeRTOS/Source/timers.c.obj
 .bss.xTimerTaskHandle
                0x20002218        0x4 CMakeFiles/freertos_test.elf.dir/Middlewares/Third_Party/FreeRTOS/Source/timers.c.obj
 .bss.__lock___atexit_recursive_mutex
                0x2000221c        0x1 e:/workspace/clion/gcc-arm-none-eabi-10.3-2021.10/bin/../lib/gcc/arm-none-eabi/10.3.1/../../../../arm-none-eabi/lib/thumb/v7-m/nofp\libg.a(lib_a-lock.o)
                0x2000221c                __lock___atexit_recursive_mutex
 *fill*         0x2000221d        0x3 
 .bss.__lock___malloc_recursive_mutex
                0x20002220        0x1 e:/workspace/clion/gcc-arm-none-eabi-10.3-2021.10/bin/../lib/gcc/arm-none-eabi/10.3.1/../../../../arm-none-eabi/lib/thumb/v7-m/nofp\libg.a(lib_a-lock.o)
                0x20002220                __lock___malloc_recursive_mutex
 *fill*         0x20002221        0x3 
 .bss.__lock___sfp_recursive_mutex
                0x20002224        0x1 e:/workspace/clion/gcc-arm-none-eabi-10.3-2021.10/bin/../lib/gcc/arm-none-eabi/10.3.1/../../../../arm-none-eabi/lib/thumb/v7-m/nofp\libg.a(lib_a-lock.o)
                0x20002224                __lock___sfp_recursive_mutex
 *fill*         0x20002225        0x3 
 .bss.__lock___sinit_recursive_mutex
                0x20002228        0x1 e:/workspace/clion/gcc-arm-none-eabi-10.3-2021.10/bin/../lib/gcc/arm-none-eabi/10.3.1/../../../../arm-none-eabi/lib/thumb/v7-m/nofp\libg.a(lib_a-lock.o)
                0x20002228                __lock___sinit_recursive_mutex
 *fill*         0x20002229        0x3 
 .bss.__malloc_current_mallinfo
                0x2000222c       0x28 e:/workspace/clion/gcc-arm-none-eabi-10.3-2021.10/bin/../lib/gcc/arm-none-eabi/10.3.1/../../../../arm-none-eabi/lib/thumb/v7-m/nofp\libg.a(lib_a-mallocr.o)
                0x2000222c                __malloc_current_mallinfo
 .bss.__malloc_max_sbrked_mem
                0x20002254        0x4 e:/workspace/clion/gcc-arm-none-eabi-10.3-2021.10/bin/../lib/gcc/arm-none-eabi/10.3.1/../../../../arm-none-eabi/lib/thumb/v7-m/nofp\libg.a(lib_a-mallocr.o)
                0x20002254                __malloc_max_sbrked_mem
 .bss.__malloc_max_total_mem
                0x20002258        0x4 e:/workspace/clion/gcc-arm-none-eabi-10.3-2021.10/bin/../lib/gcc/arm-none-eabi/10.3.1/../../../../arm-none-eabi/lib/thumb/v7-m/nofp\libg.a(lib_a-mallocr.o)
                0x20002258                __malloc_max_total_mem
 .bss.__malloc_top_pad
                0x2000225c        0x4 e:/workspace/clion/gcc-arm-none-eabi-10.3-2021.10/bin/../lib/gcc/arm-none-eabi/10.3.1/../../../../arm-none-eabi/lib/thumb/v7-m/nofp\libg.a(lib_a-mallocr.o)
                0x2000225c                __malloc_top_pad
 .bss.errno     0x20002260        0x4 e:/workspace/clion/gcc-arm-none-eabi-10.3-2021.10/bin/../lib/gcc/arm-none-eabi/10.3.1/../../../../arm-none-eabi/lib/thumb/v7-m/nofp\libg.a(lib_a-reent.o)
                0x20002260                errno
 *(COMMON)
                0x20002264                . = ALIGN (0x4)
                0x20002264                _ebss = .
                0x20002264                __bss_end__ = _ebss

._user_heap_stack
                0x20002264      0x604 load address 0x08005658
                0x20002268                . = ALIGN (0x8)
 *fill*         0x20002264        0x4 
                [!provide]                PROVIDE (end = .)
                0x20002268                PROVIDE (_end = .)
                0x20002468                . = (. + _Min_Heap_Size)
 *fill*         0x20002268      0x200 
                0x20002868                . = (. + _Min_Stack_Size)
 *fill*         0x20002468      0x400 
                0x20002868                . = ALIGN (0x8)

/DISCARD/
 libc.a(*)
 libm.a(*)
 libgcc.a(*)

.ARM.attributes
                0x00000000       0x29
 *(.ARM.attributes)
 .ARM.attributes
                0x00000000       0x1d e:/workspace/clion/gcc-arm-none-eabi-10.3-2021.10/bin/../lib/gcc/arm-none-eabi/10.3.1/thumb/v7-m/nofp/crti.o
 .ARM.attributes
                0x0000001d       0x2d e:/workspace/clion/gcc-arm-none-eabi-10.3-2021.10/bin/../lib/gcc/arm-none-eabi/10.3.1/thumb/v7-m/nofp/crtbegin.o
 .ARM.attributes
                0x0000004a       0x2d CMakeFiles/freertos_test.elf.dir/Core/Src/freertos.c.obj
 .ARM.attributes
                0x00000077       0x2d CMakeFiles/freertos_test.elf.dir/Core/Src/gpio.c.obj
 .ARM.attributes
                0x000000a4       0x2d CMakeFiles/freertos_test.elf.dir/Core/Src/main.c.obj
 .ARM.attributes
                0x000000d1       0x2d CMakeFiles/freertos_test.elf.dir/Core/Src/retarget.c.obj
 .ARM.attributes
                0x000000fe       0x2d CMakeFiles/freertos_test.elf.dir/Core/Src/stm32f1xx_hal_msp.c.obj
 .ARM.attributes
                0x0000012b       0x2d CMakeFiles/freertos_test.elf.dir/Core/Src/stm32f1xx_it.c.obj
 .ARM.attributes
                0x00000158       0x2d CMakeFiles/freertos_test.elf.dir/Core/Src/sysmem.c.obj
 .ARM.attributes
                0x00000185       0x2d CMakeFiles/freertos_test.elf.dir/Core/Src/system_stm32f1xx.c.obj
 .ARM.attributes
                0x000001b2       0x2d CMakeFiles/freertos_test.elf.dir/Core/Src/usart.c.obj
 .ARM.attributes
                0x000001df       0x21 CMakeFiles/freertos_test.elf.dir/Core/Startup/startup_stm32f103c8tx.s.obj
 .ARM.attributes
                0x00000200       0x2d CMakeFiles/freertos_test.elf.dir/Drivers/STM32F1xx_HAL_Driver/Src/stm32f1xx_hal.c.obj
 .ARM.attributes
                0x0000022d       0x2d CMakeFiles/freertos_test.elf.dir/Drivers/STM32F1xx_HAL_Driver/Src/stm32f1xx_hal_cortex.c.obj
 .ARM.attributes
                0x0000025a       0x2d CMakeFiles/freertos_test.elf.dir/Drivers/STM32F1xx_HAL_Driver/Src/stm32f1xx_hal_gpio.c.obj
 .ARM.attributes
                0x00000287       0x2d CMakeFiles/freertos_test.elf.dir/Drivers/STM32F1xx_HAL_Driver/Src/stm32f1xx_hal_rcc.c.obj
 .ARM.attributes
                0x000002b4       0x2d CMakeFiles/freertos_test.elf.dir/Drivers/STM32F1xx_HAL_Driver/Src/stm32f1xx_hal_uart.c.obj
 .ARM.attributes
                0x000002e1       0x2d CMakeFiles/freertos_test.elf.dir/Middlewares/Third_Party/FreeRTOS/Source/CMSIS_RTOS_V2/cmsis_os2.c.obj
 .ARM.attributes
                0x0000030e       0x2d CMakeFiles/freertos_test.elf.dir/Middlewares/Third_Party/FreeRTOS/Source/list.c.obj
 .ARM.attributes
                0x0000033b       0x2d CMakeFiles/freertos_test.elf.dir/Middlewares/Third_Party/FreeRTOS/Source/portable/GCC/ARM_CM3/port.c.obj
 .ARM.attributes
                0x00000368       0x2d CMakeFiles/freertos_test.elf.dir/Middlewares/Third_Party/FreeRTOS/Source/portable/MemMang/heap_4.c.obj
 .ARM.attributes
                0x00000395       0x2d CMakeFiles/freertos_test.elf.dir/Middlewares/Third_Party/FreeRTOS/Source/queue.c.obj
 .ARM.attributes
                0x000003c2       0x2d CMakeFiles/freertos_test.elf.dir/Middlewares/Third_Party/FreeRTOS/Source/tasks.c.obj
 .ARM.attributes
                0x000003ef       0x2d CMakeFiles/freertos_test.elf.dir/Middlewares/Third_Party/FreeRTOS/Source/timers.c.obj
 .ARM.attributes
                0x0000041c       0x2d e:/workspace/clion/gcc-arm-none-eabi-10.3-2021.10/bin/../lib/gcc/arm-none-eabi/10.3.1/../../../../arm-none-eabi/lib/thumb/v7-m/nofp\libg.a(lib_a-errno.o)
 .ARM.attributes
                0x00000449       0x2d e:/workspace/clion/gcc-arm-none-eabi-10.3-2021.10/bin/../lib/gcc/arm-none-eabi/10.3.1/../../../../arm-none-eabi/lib/thumb/v7-m/nofp\libg.a(lib_a-impure.o)
 .ARM.attributes
                0x00000476       0x2d e:/workspace/clion/gcc-arm-none-eabi-10.3-2021.10/bin/../lib/gcc/arm-none-eabi/10.3.1/../../../../arm-none-eabi/lib/thumb/v7-m/nofp\libg.a(lib_a-init.o)
 .ARM.attributes
                0x000004a3       0x1b e:/workspace/clion/gcc-arm-none-eabi-10.3-2021.10/bin/../lib/gcc/arm-none-eabi/10.3.1/../../../../arm-none-eabi/lib/thumb/v7-m/nofp\libg.a(lib_a-memcpy.o)
 .ARM.attributes
                0x000004be       0x2d e:/workspace/clion/gcc-arm-none-eabi-10.3-2021.10/bin/../lib/gcc/arm-none-eabi/10.3.1/../../../../arm-none-eabi/lib/thumb/v7-m/nofp\libg.a(lib_a-memset.o)
 .ARM.attributes
                0x000004eb       0x2d e:/workspace/clion/gcc-arm-none-eabi-10.3-2021.10/bin/../lib/gcc/arm-none-eabi/10.3.1/../../../../arm-none-eabi/lib/thumb/v7-m/nofp\libg.a(lib_a-puts.o)
 .ARM.attributes
                0x00000518       0x2d e:/workspace/clion/gcc-arm-none-eabi-10.3-2021.10/bin/../lib/gcc/arm-none-eabi/10.3.1/../../../../arm-none-eabi/lib/thumb/v7-m/nofp\libg.a(lib_a-setvbuf.o)
 .ARM.attributes
                0x00000545       0x2d e:/workspace/clion/gcc-arm-none-eabi-10.3-2021.10/bin/../lib/gcc/arm-none-eabi/10.3.1/../../../../arm-none-eabi/lib/thumb/v7-m/nofp\libg.a(lib_a-strlen-stub.o)
 .ARM.attributes
                0x00000572       0x2d e:/workspace/clion/gcc-arm-none-eabi-10.3-2021.10/bin/../lib/gcc/arm-none-eabi/10.3.1/../../../../arm-none-eabi/lib/thumb/v7-m/nofp\libg.a(lib_a-__call_atexit.o)
 .ARM.attributes
                0x0000059f       0x2d e:/workspace/clion/gcc-arm-none-eabi-10.3-2021.10/bin/../lib/gcc/arm-none-eabi/10.3.1/../../../../arm-none-eabi/lib/thumb/v7-m/nofp\libg.a(lib_a-atexit.o)
 .ARM.attributes
                0x000005cc       0x2d e:/workspace/clion/gcc-arm-none-eabi-10.3-2021.10/bin/../lib/gcc/arm-none-eabi/10.3.1/../../../../arm-none-eabi/lib/thumb/v7-m/nofp\libg.a(lib_a-fflush.o)
 .ARM.attributes
                0x000005f9       0x2d e:/workspace/clion/gcc-arm-none-eabi-10.3-2021.10/bin/../lib/gcc/arm-none-eabi/10.3.1/../../../../arm-none-eabi/lib/thumb/v7-m/nofp\libg.a(lib_a-findfp.o)
 .ARM.attributes
                0x00000626       0x2d e:/workspace/clion/gcc-arm-none-eabi-10.3-2021.10/bin/../lib/gcc/arm-none-eabi/10.3.1/../../../../arm-none-eabi/lib/thumb/v7-m/nofp\libg.a(lib_a-fini.o)
 .ARM.attributes
                0x00000653       0x2d e:/workspace/clion/gcc-arm-none-eabi-10.3-2021.10/bin/../lib/gcc/arm-none-eabi/10.3.1/../../../../arm-none-eabi/lib/thumb/v7-m/nofp\libg.a(lib_a-freer.o)
 .ARM.attributes
                0x00000680       0x2d e:/workspace/clion/gcc-arm-none-eabi-10.3-2021.10/bin/../lib/gcc/arm-none-eabi/10.3.1/../../../../arm-none-eabi/lib/thumb/v7-m/nofp\libg.a(lib_a-fvwrite.o)
 .ARM.attributes
                0x000006ad       0x2d e:/workspace/clion/gcc-arm-none-eabi-10.3-2021.10/bin/../lib/gcc/arm-none-eabi/10.3.1/../../../../arm-none-eabi/lib/thumb/v7-m/nofp\libg.a(lib_a-fwalk.o)
 .ARM.attributes
                0x000006da       0x2d e:/workspace/clion/gcc-arm-none-eabi-10.3-2021.10/bin/../lib/gcc/arm-none-eabi/10.3.1/../../../../arm-none-eabi/lib/thumb/v7-m/nofp\libg.a(lib_a-lock.o)
 .ARM.attributes
                0x00000707       0x2d e:/workspace/clion/gcc-arm-none-eabi-10.3-2021.10/bin/../lib/gcc/arm-none-eabi/10.3.1/../../../../arm-none-eabi/lib/thumb/v7-m/nofp\libg.a(lib_a-makebuf.o)
 .ARM.attributes
                0x00000734       0x2d e:/workspace/clion/gcc-arm-none-eabi-10.3-2021.10/bin/../lib/gcc/arm-none-eabi/10.3.1/../../../../arm-none-eabi/lib/thumb/v7-m/nofp\libg.a(lib_a-malloc.o)
 .ARM.attributes
                0x00000761       0x2d e:/workspace/clion/gcc-arm-none-eabi-10.3-2021.10/bin/../lib/gcc/arm-none-eabi/10.3.1/../../../../arm-none-eabi/lib/thumb/v7-m/nofp\libg.a(lib_a-mallocr.o)
 .ARM.attributes
                0x0000078e       0x2d e:/workspace/clion/gcc-arm-none-eabi-10.3-2021.10/bin/../lib/gcc/arm-none-eabi/10.3.1/../../../../arm-none-eabi/lib/thumb/v7-m/nofp\libg.a(lib_a-memchr-stub.o)
 .ARM.attributes
                0x000007bb       0x2d e:/workspace/clion/gcc-arm-none-eabi-10.3-2021.10/bin/../lib/gcc/arm-none-eabi/10.3.1/../../../../arm-none-eabi/lib/thumb/v7-m/nofp\libg.a(lib_a-memmove.o)
 .ARM.attributes
                0x000007e8       0x2d e:/workspace/clion/gcc-arm-none-eabi-10.3-2021.10/bin/../lib/gcc/arm-none-eabi/10.3.1/../../../../arm-none-eabi/lib/thumb/v7-m/nofp\libg.a(lib_a-mlock.o)
 .ARM.attributes
                0x00000815       0x2d e:/workspace/clion/gcc-arm-none-eabi-10.3-2021.10/bin/../lib/gcc/arm-none-eabi/10.3.1/../../../../arm-none-eabi/lib/thumb/v7-m/nofp\libg.a(lib_a-reallocr.o)
 .ARM.attributes
                0x00000842       0x2d e:/workspace/clion/gcc-arm-none-eabi-10.3-2021.10/bin/../lib/gcc/arm-none-eabi/10.3.1/../../../../arm-none-eabi/lib/thumb/v7-m/nofp\libg.a(lib_a-sbrkr.o)
 .ARM.attributes
                0x0000086f       0x2d e:/workspace/clion/gcc-arm-none-eabi-10.3-2021.10/bin/../lib/gcc/arm-none-eabi/10.3.1/../../../../arm-none-eabi/lib/thumb/v7-m/nofp\libg.a(lib_a-stdio.o)
 .ARM.attributes
                0x0000089c       0x2d e:/workspace/clion/gcc-arm-none-eabi-10.3-2021.10/bin/../lib/gcc/arm-none-eabi/10.3.1/../../../../arm-none-eabi/lib/thumb/v7-m/nofp\libg.a(lib_a-writer.o)
 .ARM.attributes
                0x000008c9       0x2d e:/workspace/clion/gcc-arm-none-eabi-10.3-2021.10/bin/../lib/gcc/arm-none-eabi/10.3.1/../../../../arm-none-eabi/lib/thumb/v7-m/nofp\libg.a(lib_a-wsetup.o)
 .ARM.attributes
                0x000008f6       0x2d e:/workspace/clion/gcc-arm-none-eabi-10.3-2021.10/bin/../lib/gcc/arm-none-eabi/10.3.1/../../../../arm-none-eabi/lib/thumb/v7-m/nofp\libg.a(lib_a-__atexit.o)
 .ARM.attributes
                0x00000923       0x2d e:/workspace/clion/gcc-arm-none-eabi-10.3-2021.10/bin/../lib/gcc/arm-none-eabi/10.3.1/../../../../arm-none-eabi/lib/thumb/v7-m/nofp\libg.a(lib_a-closer.o)
 .ARM.attributes
                0x00000950       0x2d e:/workspace/clion/gcc-arm-none-eabi-10.3-2021.10/bin/../lib/gcc/arm-none-eabi/10.3.1/../../../../arm-none-eabi/lib/thumb/v7-m/nofp\libg.a(lib_a-fclose.o)
 .ARM.attributes
                0x0000097d       0x2d e:/workspace/clion/gcc-arm-none-eabi-10.3-2021.10/bin/../lib/gcc/arm-none-eabi/10.3.1/../../../../arm-none-eabi/lib/thumb/v7-m/nofp\libg.a(lib_a-fstatr.o)
 .ARM.attributes
                0x000009aa       0x2d e:/workspace/clion/gcc-arm-none-eabi-10.3-2021.10/bin/../lib/gcc/arm-none-eabi/10.3.1/../../../../arm-none-eabi/lib/thumb/v7-m/nofp\libg.a(lib_a-isattyr.o)
 .ARM.attributes
                0x000009d7       0x2d e:/workspace/clion/gcc-arm-none-eabi-10.3-2021.10/bin/../lib/gcc/arm-none-eabi/10.3.1/../../../../arm-none-eabi/lib/thumb/v7-m/nofp\libg.a(lib_a-lseekr.o)
 .ARM.attributes
                0x00000a04       0x2d e:/workspace/clion/gcc-arm-none-eabi-10.3-2021.10/bin/../lib/gcc/arm-none-eabi/10.3.1/../../../../arm-none-eabi/lib/thumb/v7-m/nofp\libg.a(lib_a-readr.o)
 .ARM.attributes
                0x00000a31       0x2d e:/workspace/clion/gcc-arm-none-eabi-10.3-2021.10/bin/../lib/gcc/arm-none-eabi/10.3.1/../../../../arm-none-eabi/lib/thumb/v7-m/nofp\libg.a(lib_a-reent.o)
 .ARM.attributes
                0x00000a5e       0x1d e:/workspace/clion/gcc-arm-none-eabi-10.3-2021.10/bin/../lib/gcc/arm-none-eabi/10.3.1/thumb/v7-m/nofp/crtn.o
OUTPUT(freertos_test.elf elf32-littlearm)
LOAD linker stubs
LOAD e:/workspace/clion/gcc-arm-none-eabi-10.3-2021.10/bin/../lib/gcc/arm-none-eabi/10.3.1/../../../../arm-none-eabi/lib/thumb/v7-m/nofp\libc.a
LOAD e:/workspace/clion/gcc-arm-none-eabi-10.3-2021.10/bin/../lib/gcc/arm-none-eabi/10.3.1/../../../../arm-none-eabi/lib/thumb/v7-m/nofp\libm.a
LOAD e:/workspace/clion/gcc-arm-none-eabi-10.3-2021.10/bin/../lib/gcc/arm-none-eabi/10.3.1/thumb/v7-m/nofp\libgcc.a

.debug_info     0x00000000    0x1668e
 .debug_info    0x00000000      0x353 CMakeFiles/freertos_test.elf.dir/Core/Src/freertos.c.obj
 .debug_info    0x00000353      0x2f6 CMakeFiles/freertos_test.elf.dir/Core/Src/gpio.c.obj
 .debug_info    0x00000649      0xc33 CMakeFiles/freertos_test.elf.dir/Core/Src/main.c.obj
 .debug_info    0x0000127c     0x12d5 CMakeFiles/freertos_test.elf.dir/Core/Src/retarget.c.obj
 .debug_info    0x00002551      0x387 CMakeFiles/freertos_test.elf.dir/Core/Src/stm32f1xx_hal_msp.c.obj
 .debug_info    0x000028d8      0x14a CMakeFiles/freertos_test.elf.dir/Core/Src/stm32f1xx_it.c.obj
 .debug_info    0x00002a22      0x174 CMakeFiles/freertos_test.elf.dir/Core/Src/sysmem.c.obj
 .debug_info    0x00002b96      0x248 CMakeFiles/freertos_test.elf.dir/Core/Src/system_stm32f1xx.c.obj
 .debug_info    0x00002dde      0x855 CMakeFiles/freertos_test.elf.dir/Core/Src/usart.c.obj
 .debug_info    0x00003633       0x22 CMakeFiles/freertos_test.elf.dir/Core/Startup/startup_stm32f103c8tx.s.obj
 .debug_info    0x00003655      0x7a8 CMakeFiles/freertos_test.elf.dir/Drivers/STM32F1xx_HAL_Driver/Src/stm32f1xx_hal.c.obj
 .debug_info    0x00003dfd      0xd8a CMakeFiles/freertos_test.elf.dir/Drivers/STM32F1xx_HAL_Driver/Src/stm32f1xx_hal_cortex.c.obj
 .debug_info    0x00004b87      0x66f CMakeFiles/freertos_test.elf.dir/Drivers/STM32F1xx_HAL_Driver/Src/stm32f1xx_hal_gpio.c.obj
 .debug_info    0x000051f6      0xa3b CMakeFiles/freertos_test.elf.dir/Drivers/STM32F1xx_HAL_Driver/Src/stm32f1xx_hal_rcc.c.obj
 .debug_info    0x00005c31     0x4212 CMakeFiles/freertos_test.elf.dir/Drivers/STM32F1xx_HAL_Driver/Src/stm32f1xx_hal_uart.c.obj
 .debug_info    0x00009e43     0x4b1f CMakeFiles/freertos_test.elf.dir/Middlewares/Third_Party/FreeRTOS/Source/CMSIS_RTOS_V2/cmsis_os2.c.obj
 .debug_info    0x0000e962      0x2da CMakeFiles/freertos_test.elf.dir/Middlewares/Third_Party/FreeRTOS/Source/list.c.obj
 .debug_info    0x0000ec3c      0x52b CMakeFiles/freertos_test.elf.dir/Middlewares/Third_Party/FreeRTOS/Source/portable/GCC/ARM_CM3/port.c.obj
 .debug_info    0x0000f167      0x471 CMakeFiles/freertos_test.elf.dir/Middlewares/Third_Party/FreeRTOS/Source/portable/MemMang/heap_4.c.obj
 .debug_info    0x0000f5d8     0x2733 CMakeFiles/freertos_test.elf.dir/Middlewares/Third_Party/FreeRTOS/Source/queue.c.obj
 .debug_info    0x00011d0b     0x301a CMakeFiles/freertos_test.elf.dir/Middlewares/Third_Party/FreeRTOS/Source/tasks.c.obj
 .debug_info    0x00014d25     0x1969 CMakeFiles/freertos_test.elf.dir/Middlewares/Third_Party/FreeRTOS/Source/timers.c.obj

.debug_abbrev   0x00000000     0x2cda
 .debug_abbrev  0x00000000      0x10b CMakeFiles/freertos_test.elf.dir/Core/Src/freertos.c.obj
 .debug_abbrev  0x0000010b      0x13c CMakeFiles/freertos_test.elf.dir/Core/Src/gpio.c.obj
 .debug_abbrev  0x00000247      0x22b CMakeFiles/freertos_test.elf.dir/Core/Src/main.c.obj
 .debug_abbrev  0x00000472      0x2b4 CMakeFiles/freertos_test.elf.dir/Core/Src/retarget.c.obj
 .debug_abbrev  0x00000726      0x12d CMakeFiles/freertos_test.elf.dir/Core/Src/stm32f1xx_hal_msp.c.obj
 .debug_abbrev  0x00000853       0xa0 CMakeFiles/freertos_test.elf.dir/Core/Src/stm32f1xx_it.c.obj
 .debug_abbrev  0x000008f3       0xe7 CMakeFiles/freertos_test.elf.dir/Core/Src/sysmem.c.obj
 .debug_abbrev  0x000009da      0x13e CMakeFiles/freertos_test.elf.dir/Core/Src/system_stm32f1xx.c.obj
 .debug_abbrev  0x00000b18      0x1c8 CMakeFiles/freertos_test.elf.dir/Core/Src/usart.c.obj
 .debug_abbrev  0x00000ce0       0x12 CMakeFiles/freertos_test.elf.dir/Core/Startup/startup_stm32f103c8tx.s.obj
 .debug_abbrev  0x00000cf2      0x1f4 CMakeFiles/freertos_test.elf.dir/Drivers/STM32F1xx_HAL_Driver/Src/stm32f1xx_hal.c.obj
 .debug_abbrev  0x00000ee6      0x341 CMakeFiles/freertos_test.elf.dir/Drivers/STM32F1xx_HAL_Driver/Src/stm32f1xx_hal_cortex.c.obj
 .debug_abbrev  0x00001227      0x1e6 CMakeFiles/freertos_test.elf.dir/Drivers/STM32F1xx_HAL_Driver/Src/stm32f1xx_hal_gpio.c.obj
 .debug_abbrev  0x0000140d      0x27a CMakeFiles/freertos_test.elf.dir/Drivers/STM32F1xx_HAL_Driver/Src/stm32f1xx_hal_rcc.c.obj
 .debug_abbrev  0x00001687      0x2dd CMakeFiles/freertos_test.elf.dir/Drivers/STM32F1xx_HAL_Driver/Src/stm32f1xx_hal_uart.c.obj
 .debug_abbrev  0x00001964      0x418 CMakeFiles/freertos_test.elf.dir/Middlewares/Third_Party/FreeRTOS/Source/CMSIS_RTOS_V2/cmsis_os2.c.obj
 .debug_abbrev  0x00001d7c      0x106 CMakeFiles/freertos_test.elf.dir/Middlewares/Third_Party/FreeRTOS/Source/list.c.obj
 .debug_abbrev  0x00001e82      0x27e CMakeFiles/freertos_test.elf.dir/Middlewares/Third_Party/FreeRTOS/Source/portable/GCC/ARM_CM3/port.c.obj
 .debug_abbrev  0x00002100      0x238 CMakeFiles/freertos_test.elf.dir/Middlewares/Third_Party/FreeRTOS/Source/portable/MemMang/heap_4.c.obj
 .debug_abbrev  0x00002338      0x38c CMakeFiles/freertos_test.elf.dir/Middlewares/Third_Party/FreeRTOS/Source/queue.c.obj
 .debug_abbrev  0x000026c4      0x313 CMakeFiles/freertos_test.elf.dir/Middlewares/Third_Party/FreeRTOS/Source/tasks.c.obj
 .debug_abbrev  0x000029d7      0x303 CMakeFiles/freertos_test.elf.dir/Middlewares/Third_Party/FreeRTOS/Source/timers.c.obj

.debug_loc      0x00000000    0x10c37
 .debug_loc     0x00000000       0x25 CMakeFiles/freertos_test.elf.dir/Core/Src/freertos.c.obj
 .debug_loc     0x00000025       0x92 CMakeFiles/freertos_test.elf.dir/Core/Src/main.c.obj
 .debug_loc     0x000000b7      0x389 CMakeFiles/freertos_test.elf.dir/Core/Src/retarget.c.obj
 .debug_loc     0x00000440       0x15 CMakeFiles/freertos_test.elf.dir/Core/Src/stm32f1xx_hal_msp.c.obj
 .debug_loc     0x00000455       0x64 CMakeFiles/freertos_test.elf.dir/Core/Src/sysmem.c.obj
 .debug_loc     0x000004b9       0xff CMakeFiles/freertos_test.elf.dir/Core/Src/system_stm32f1xx.c.obj
 .debug_loc     0x000005b8       0x84 CMakeFiles/freertos_test.elf.dir/Core/Src/usart.c.obj
 .debug_loc     0x0000063c      0x141 CMakeFiles/freertos_test.elf.dir/Drivers/STM32F1xx_HAL_Driver/Src/stm32f1xx_hal.c.obj
 .debug_loc     0x0000077d      0x71f CMakeFiles/freertos_test.elf.dir/Drivers/STM32F1xx_HAL_Driver/Src/stm32f1xx_hal_cortex.c.obj
 .debug_loc     0x00000e9c      0x47d CMakeFiles/freertos_test.elf.dir/Drivers/STM32F1xx_HAL_Driver/Src/stm32f1xx_hal_gpio.c.obj
 .debug_loc     0x00001319      0x618 CMakeFiles/freertos_test.elf.dir/Drivers/STM32F1xx_HAL_Driver/Src/stm32f1xx_hal_rcc.c.obj
 .debug_loc     0x00001931     0x487b CMakeFiles/freertos_test.elf.dir/Drivers/STM32F1xx_HAL_Driver/Src/stm32f1xx_hal_uart.c.obj
 .debug_loc     0x000061ac     0x579d CMakeFiles/freertos_test.elf.dir/Middlewares/Third_Party/FreeRTOS/Source/CMSIS_RTOS_V2/cmsis_os2.c.obj
 .debug_loc     0x0000b949       0xad CMakeFiles/freertos_test.elf.dir/Middlewares/Third_Party/FreeRTOS/Source/list.c.obj
 .debug_loc     0x0000b9f6       0xe8 CMakeFiles/freertos_test.elf.dir/Middlewares/Third_Party/FreeRTOS/Source/portable/GCC/ARM_CM3/port.c.obj
 .debug_loc     0x0000bade      0x331 CMakeFiles/freertos_test.elf.dir/Middlewares/Third_Party/FreeRTOS/Source/portable/MemMang/heap_4.c.obj
 .debug_loc     0x0000be0f     0x19de CMakeFiles/freertos_test.elf.dir/Middlewares/Third_Party/FreeRTOS/Source/queue.c.obj
 .debug_loc     0x0000d7ed     0x24bc CMakeFiles/freertos_test.elf.dir/Middlewares/Third_Party/FreeRTOS/Source/tasks.c.obj
 .debug_loc     0x0000fca9      0xf8e CMakeFiles/freertos_test.elf.dir/Middlewares/Third_Party/FreeRTOS/Source/timers.c.obj

.debug_aranges  0x00000000      0xdc0
 .debug_aranges
                0x00000000       0x28 CMakeFiles/freertos_test.elf.dir/Core/Src/freertos.c.obj
 .debug_aranges
                0x00000028       0x20 CMakeFiles/freertos_test.elf.dir/Core/Src/gpio.c.obj
 .debug_aranges
                0x00000048       0x58 CMakeFiles/freertos_test.elf.dir/Core/Src/main.c.obj
 .debug_aranges
                0x000000a0       0x50 CMakeFiles/freertos_test.elf.dir/Core/Src/retarget.c.obj
 .debug_aranges
                0x000000f0       0x20 CMakeFiles/freertos_test.elf.dir/Core/Src/stm32f1xx_hal_msp.c.obj
 .debug_aranges
                0x00000110       0x50 CMakeFiles/freertos_test.elf.dir/Core/Src/stm32f1xx_it.c.obj
 .debug_aranges
                0x00000160       0x20 CMakeFiles/freertos_test.elf.dir/Core/Src/sysmem.c.obj
 .debug_aranges
                0x00000180       0x28 CMakeFiles/freertos_test.elf.dir/Core/Src/system_stm32f1xx.c.obj
 .debug_aranges
                0x000001a8       0x30 CMakeFiles/freertos_test.elf.dir/Core/Src/usart.c.obj
 .debug_aranges
                0x000001d8       0x28 CMakeFiles/freertos_test.elf.dir/Core/Startup/startup_stm32f103c8tx.s.obj
 .debug_aranges
                0x00000200       0xe0 CMakeFiles/freertos_test.elf.dir/Drivers/STM32F1xx_HAL_Driver/Src/stm32f1xx_hal.c.obj
 .debug_aranges
                0x000002e0       0x90 CMakeFiles/freertos_test.elf.dir/Drivers/STM32F1xx_HAL_Driver/Src/stm32f1xx_hal_cortex.c.obj
 .debug_aranges
                0x00000370       0x58 CMakeFiles/freertos_test.elf.dir/Drivers/STM32F1xx_HAL_Driver/Src/stm32f1xx_hal_gpio.c.obj
 .debug_aranges
                0x000003c8       0x90 CMakeFiles/freertos_test.elf.dir/Drivers/STM32F1xx_HAL_Driver/Src/stm32f1xx_hal_rcc.c.obj
 .debug_aranges
                0x00000458      0x208 CMakeFiles/freertos_test.elf.dir/Drivers/STM32F1xx_HAL_Driver/Src/stm32f1xx_hal_uart.c.obj
 .debug_aranges
                0x00000660      0x228 CMakeFiles/freertos_test.elf.dir/Middlewares/Third_Party/FreeRTOS/Source/CMSIS_RTOS_V2/cmsis_os2.c.obj
 .debug_aranges
                0x00000888       0x40 CMakeFiles/freertos_test.elf.dir/Middlewares/Third_Party/FreeRTOS/Source/list.c.obj
 .debug_aranges
                0x000008c8       0x78 CMakeFiles/freertos_test.elf.dir/Middlewares/Third_Party/FreeRTOS/Source/portable/GCC/ARM_CM3/port.c.obj
 .debug_aranges
                0x00000940       0x50 CMakeFiles/freertos_test.elf.dir/Middlewares/Third_Party/FreeRTOS/Source/portable/MemMang/heap_4.c.obj
 .debug_aranges
                0x00000990      0x158 CMakeFiles/freertos_test.elf.dir/Middlewares/Third_Party/FreeRTOS/Source/queue.c.obj
 .debug_aranges
                0x00000ae8      0x1f8 CMakeFiles/freertos_test.elf.dir/Middlewares/Third_Party/FreeRTOS/Source/tasks.c.obj
 .debug_aranges
                0x00000ce0       0xe0 CMakeFiles/freertos_test.elf.dir/Middlewares/Third_Party/FreeRTOS/Source/timers.c.obj

.debug_ranges   0x00000000      0xf08
 .debug_ranges  0x00000000       0x18 CMakeFiles/freertos_test.elf.dir/Core/Src/freertos.c.obj
 .debug_ranges  0x00000018       0x10 CMakeFiles/freertos_test.elf.dir/Core/Src/gpio.c.obj
 .debug_ranges  0x00000028       0x48 CMakeFiles/freertos_test.elf.dir/Core/Src/main.c.obj
 .debug_ranges  0x00000070       0x40 CMakeFiles/freertos_test.elf.dir/Core/Src/retarget.c.obj
 .debug_ranges  0x000000b0       0x10 CMakeFiles/freertos_test.elf.dir/Core/Src/stm32f1xx_hal_msp.c.obj
 .debug_ranges  0x000000c0       0x40 CMakeFiles/freertos_test.elf.dir/Core/Src/stm32f1xx_it.c.obj
 .debug_ranges  0x00000100       0x10 CMakeFiles/freertos_test.elf.dir/Core/Src/sysmem.c.obj
 .debug_ranges  0x00000110       0x18 CMakeFiles/freertos_test.elf.dir/Core/Src/system_stm32f1xx.c.obj
 .debug_ranges  0x00000128       0x20 CMakeFiles/freertos_test.elf.dir/Core/Src/usart.c.obj
 .debug_ranges  0x00000148       0x20 CMakeFiles/freertos_test.elf.dir/Core/Startup/startup_stm32f103c8tx.s.obj
 .debug_ranges  0x00000168       0xd0 CMakeFiles/freertos_test.elf.dir/Drivers/STM32F1xx_HAL_Driver/Src/stm32f1xx_hal.c.obj
 .debug_ranges  0x00000238       0xe0 CMakeFiles/freertos_test.elf.dir/Drivers/STM32F1xx_HAL_Driver/Src/stm32f1xx_hal_cortex.c.obj
 .debug_ranges  0x00000318       0x48 CMakeFiles/freertos_test.elf.dir/Drivers/STM32F1xx_HAL_Driver/Src/stm32f1xx_hal_gpio.c.obj
 .debug_ranges  0x00000360       0xa0 CMakeFiles/freertos_test.elf.dir/Drivers/STM32F1xx_HAL_Driver/Src/stm32f1xx_hal_rcc.c.obj
 .debug_ranges  0x00000400      0x210 CMakeFiles/freertos_test.elf.dir/Drivers/STM32F1xx_HAL_Driver/Src/stm32f1xx_hal_uart.c.obj
 .debug_ranges  0x00000610      0x218 CMakeFiles/freertos_test.elf.dir/Middlewares/Third_Party/FreeRTOS/Source/CMSIS_RTOS_V2/cmsis_os2.c.obj
 .debug_ranges  0x00000828       0x30 CMakeFiles/freertos_test.elf.dir/Middlewares/Third_Party/FreeRTOS/Source/list.c.obj
 .debug_ranges  0x00000858       0x68 CMakeFiles/freertos_test.elf.dir/Middlewares/Third_Party/FreeRTOS/Source/portable/GCC/ARM_CM3/port.c.obj
 .debug_ranges  0x000008c0       0x40 CMakeFiles/freertos_test.elf.dir/Middlewares/Third_Party/FreeRTOS/Source/portable/MemMang/heap_4.c.obj
 .debug_ranges  0x00000900      0x218 CMakeFiles/freertos_test.elf.dir/Middlewares/Third_Party/FreeRTOS/Source/queue.c.obj
 .debug_ranges  0x00000b18      0x320 CMakeFiles/freertos_test.elf.dir/Middlewares/Third_Party/FreeRTOS/Source/tasks.c.obj
 .debug_ranges  0x00000e38       0xd0 CMakeFiles/freertos_test.elf.dir/Middlewares/Third_Party/FreeRTOS/Source/timers.c.obj

.debug_line     0x00000000    0x11ad6
 .debug_line    0x00000000      0x1e1 CMakeFiles/freertos_test.elf.dir/Core/Src/freertos.c.obj
 .debug_line    0x000001e1      0x241 CMakeFiles/freertos_test.elf.dir/Core/Src/gpio.c.obj
 .debug_line    0x00000422      0x650 CMakeFiles/freertos_test.elf.dir/Core/Src/main.c.obj
 .debug_line    0x00000a72      0x4bb CMakeFiles/freertos_test.elf.dir/Core/Src/retarget.c.obj
 .debug_line    0x00000f2d      0x227 CMakeFiles/freertos_test.elf.dir/Core/Src/stm32f1xx_hal_msp.c.obj
 .debug_line    0x00001154      0x2f2 CMakeFiles/freertos_test.elf.dir/Core/Src/stm32f1xx_it.c.obj
 .debug_line    0x00001446      0x1ee CMakeFiles/freertos_test.elf.dir/Core/Src/sysmem.c.obj
 .debug_line    0x00001634      0x286 CMakeFiles/freertos_test.elf.dir/Core/Src/system_stm32f1xx.c.obj
 .debug_line    0x000018ba      0x391 CMakeFiles/freertos_test.elf.dir/Core/Src/usart.c.obj
 .debug_line    0x00001c4b       0xb2 CMakeFiles/freertos_test.elf.dir/Core/Startup/startup_stm32f103c8tx.s.obj
 .debug_line    0x00001cfd      0x5cc CMakeFiles/freertos_test.elf.dir/Drivers/STM32F1xx_HAL_Driver/Src/stm32f1xx_hal.c.obj
 .debug_line    0x000022c9      0x6a8 CMakeFiles/freertos_test.elf.dir/Drivers/STM32F1xx_HAL_Driver/Src/stm32f1xx_hal_cortex.c.obj
 .debug_line    0x00002971      0x650 CMakeFiles/freertos_test.elf.dir/Drivers/STM32F1xx_HAL_Driver/Src/stm32f1xx_hal_gpio.c.obj
 .debug_line    0x00002fc1      0xc8d CMakeFiles/freertos_test.elf.dir/Drivers/STM32F1xx_HAL_Driver/Src/stm32f1xx_hal_rcc.c.obj
 .debug_line    0x00003c4e     0x4441 CMakeFiles/freertos_test.elf.dir/Drivers/STM32F1xx_HAL_Driver/Src/stm32f1xx_hal_uart.c.obj
 .debug_line    0x0000808f     0x2dbe CMakeFiles/freertos_test.elf.dir/Middlewares/Third_Party/FreeRTOS/Source/CMSIS_RTOS_V2/cmsis_os2.c.obj
 .debug_line    0x0000ae4d      0x3e3 CMakeFiles/freertos_test.elf.dir/Middlewares/Third_Party/FreeRTOS/Source/list.c.obj
 .debug_line    0x0000b230      0x694 CMakeFiles/freertos_test.elf.dir/Middlewares/Third_Party/FreeRTOS/Source/portable/GCC/ARM_CM3/port.c.obj
 .debug_line    0x0000b8c4      0x6de CMakeFiles/freertos_test.elf.dir/Middlewares/Third_Party/FreeRTOS/Source/portable/MemMang/heap_4.c.obj
 .debug_line    0x0000bfa2     0x2082 CMakeFiles/freertos_test.elf.dir/Middlewares/Third_Party/FreeRTOS/Source/queue.c.obj
 .debug_line    0x0000e024     0x2c5c CMakeFiles/freertos_test.elf.dir/Middlewares/Third_Party/FreeRTOS/Source/tasks.c.obj
 .debug_line    0x00010c80      0xe56 CMakeFiles/freertos_test.elf.dir/Middlewares/Third_Party/FreeRTOS/Source/timers.c.obj

.debug_str      0x00000000     0x562f
 .debug_str     0x00000000      0x67e CMakeFiles/freertos_test.elf.dir/Core/Src/freertos.c.obj
                                0x6c0 (size before relaxing)
 .debug_str     0x0000067e      0x11c CMakeFiles/freertos_test.elf.dir/Core/Src/gpio.c.obj
                                0x2d3 (size before relaxing)
 .debug_str     0x0000079a      0x6d4 CMakeFiles/freertos_test.elf.dir/Core/Src/main.c.obj
                                0x95c (size before relaxing)
 .debug_str     0x00000e6e      0x530 CMakeFiles/freertos_test.elf.dir/Core/Src/retarget.c.obj
                                0xb91 (size before relaxing)
 .debug_str     0x0000139e      0x370 CMakeFiles/freertos_test.elf.dir/Core/Src/stm32f1xx_hal_msp.c.obj
                                0x55f (size before relaxing)
 .debug_str     0x0000170e       0xf3 CMakeFiles/freertos_test.elf.dir/Core/Src/stm32f1xx_it.c.obj
                                0x298 (size before relaxing)
 .debug_str     0x00001801       0xa1 CMakeFiles/freertos_test.elf.dir/Core/Src/sysmem.c.obj
                                0x26e (size before relaxing)